2026-04-14 19:48:41 [info]: Socket.IO initialized
2026-04-14 19:48:41 [info]: 🚀 Server running on port 5000
2026-04-14 19:48:41 [info]: MongoDB connected: localhost
2026-04-14 19:50:42 [info]: Socket.IO initialized
2026-04-14 19:50:42 [info]: 🚀 Server running on port 5000
2026-04-14 19:50:42 [info]: MongoDB connected: localhost
2026-04-14 19:52:31 [info]: Socket.IO initialized
2026-04-14 19:52:31 [info]: 🚀 Server running on port 5000
2026-04-14 19:52:31 [info]: MongoDB connected: localhost
2026-04-14 19:54:07 [info]: Socket.IO initialized
2026-04-14 19:54:07 [info]: 🚀 Server running on port 5000
2026-04-14 19:54:07 [info]: MongoDB connected: localhost
2026-04-14 20:00:51 [info]: New user registered: sivani@gmail.com
2026-04-14 20:05:49 [error]: Error: Email already registered
    at Object.register (C:\Users\22wh1\OneDrive\Documents\ONEDRIVE\Attachments\Desktop\gaming_contest\backend\services\authService.js:17:19)
    at process.processTicksAndRejections (node:internal/process/task_queues:95:5)
    at async register (C:\Users\22wh1\OneDrive\Documents\ONEDRIVE\Attachments\Desktop\gaming_contest\backend\controllers\authController.js:7:20)
2026-04-14 20:06:28 [info]: New user registered: abc@gmail.com
2026-04-14 20:08:20 [error]: SyntaxError: Expected double-quoted property name in JSON at position 53 (line 6 column 1)
    at JSON.parse (<anonymous>)
    at parse (C:\Users\22wh1\OneDrive\Documents\ONEDRIVE\Attachments\Desktop\gaming_contest\backend\node_modules\body-parser\lib\types\json.js:72:19)
    at C:\Users\22wh1\OneDrive\Documents\ONEDRIVE\Attachments\Desktop\gaming_contest\backend\node_modules\body-parser\lib\read.js:162:18
    at AsyncResource.runInAsyncScope (node:async_hooks:206:9)
    at invokeCallback (C:\Users\22wh1\OneDrive\Documents\ONEDRIVE\Attachments\Desktop\gaming_contest\backend\node_modules\raw-body\index.js:238:16)
    at done (C:\Users\22wh1\OneDrive\Documents\ONEDRIVE\Attachments\Desktop\gaming_contest\backend\node_modules\raw-body\index.js:227:7)
    at IncomingMessage.onEnd (C:\Users\22wh1\OneDrive\Documents\ONEDRIVE\Attachments\Desktop\gaming_contest\backend\node_modules\raw-body\index.js:287:7)
    at IncomingMessage.emit (node:events:519:28)
    at endReadableNT (node:internal/streams/readable:1696:12)
    at process.processTicksAndRejections (node:internal/process/task_queues:82:21)
2026-04-14 20:10:20 [info]: User logged in: sivani@gmail.com
2026-04-14 20:11:32 [error]: Auth middleware error: jwt malformed
2026-04-14 20:13:50 [info]: User logged in: sivani@gmail.com
2026-04-14 21:16:02 [info]: Socket.IO initialized
2026-04-14 21:16:02 [info]: 🚀 Server running on port 5000
2026-04-14 21:16:02 [info]: MongoDB connected: localhost
2026-04-14 21:17:59 [error]: CastError: Cast to ObjectId failed for value "2 + 2 = ?" (type string) at path "_id" for model "Question"
    at SchemaObjectId.cast (C:\Users\22wh1\OneDrive\Documents\ONEDRIVE\Attachments\Desktop\gaming_contest\backend\node_modules\mongoose\lib\schema\objectId.js:252:11)
    at SchemaType.applySetters (C:\Users\22wh1\OneDrive\Documents\ONEDRIVE\Attachments\Desktop\gaming_contest\backend\node_modules\mongoose\lib\schemaType.js:1320:12)
    at SchemaType.castForQuery (C:\Users\22wh1\OneDrive\Documents\ONEDRIVE\Attachments\Desktop\gaming_contest\backend\node_modules\mongoose\lib\schemaType.js:1746:17)
    at cast (C:\Users\22wh1\OneDrive\Documents\ONEDRIVE\Attachments\Desktop\gaming_contest\backend\node_modules\mongoose\lib\cast.js:386:32)
    at Query.cast (C:\Users\22wh1\OneDrive\Documents\ONEDRIVE\Attachments\Desktop\gaming_contest\backend\node_modules\mongoose\lib\query.js:5127:12)
    at Query._castConditions (C:\Users\22wh1\OneDrive\Documents\ONEDRIVE\Attachments\Desktop\gaming_contest\backend\node_modules\mongoose\lib\query.js:2376:10)
    at model.Query._findOne (C:\Users\22wh1\OneDrive\Documents\ONEDRIVE\Attachments\Desktop\gaming_contest\backend\node_modules\mongoose\lib\query.js:2716:8)
    at model.Query.exec (C:\Users\22wh1\OneDrive\Documents\ONEDRIVE\Attachments\Desktop\gaming_contest\backend\node_modules\mongoose\lib\query.js:4726:80)
    at process.processTicksAndRejections (node:internal/process/task_queues:95:5)
    at async Object.submitMCQ (C:\Users\22wh1\OneDrive\Documents\ONEDRIVE\Attachments\Desktop\gaming_contest\backend\services\submissionService.js:31:20)
2026-04-14 21:19:49 [info]: MCQ submission: user=69de4f9b6f5d79c03614359c, question=69de53571efd4b33696bf81f, correct=true, score=5
2026-04-14 21:20:12 [error]: Error: You have already answered this question correctly
    at Object.submitMCQ (C:\Users\22wh1\OneDrive\Documents\ONEDRIVE\Attachments\Desktop\gaming_contest\backend\services\submissionService.js:40:19)
    at process.processTicksAndRejections (node:internal/process/task_queues:95:5)
    at async submitMCQ (C:\Users\22wh1\OneDrive\Documents\ONEDRIVE\Attachments\Desktop\gaming_contest\backend\controllers\submissionController.js:10:20)
2026-04-14 21:20:58 [error]: Error: You have already answered this question correctly
    at Object.submitMCQ (C:\Users\22wh1\OneDrive\Documents\ONEDRIVE\Attachments\Desktop\gaming_contest\backend\services\submissionService.js:40:19)
    at process.processTicksAndRejections (node:internal/process/task_queues:95:5)
    at async submitMCQ (C:\Users\22wh1\OneDrive\Documents\ONEDRIVE\Attachments\Desktop\gaming_contest\backend\controllers\submissionController.js:10:20)
2026-04-14 21:21:34 [error]: Error: MCQ question not found
    at Object.submitMCQ (C:\Users\22wh1\OneDrive\Documents\ONEDRIVE\Attachments\Desktop\gaming_contest\backend\services\submissionService.js:33:19)
    at process.processTicksAndRejections (node:internal/process/task_queues:95:5)
    at async submitMCQ (C:\Users\22wh1\OneDrive\Documents\ONEDRIVE\Attachments\Desktop\gaming_contest\backend\controllers\submissionController.js:10:20)
2026-04-14 21:22:11 [info]: MCQ submission: user=69de4f9b6f5d79c03614359c, question=69de533e1efd4b33696bf81b, correct=false, score=0
2026-04-14 21:50:40 [info]: User logged in: abc@gmail.com
2026-04-14 21:53:14 [error]: Auth middleware error: jwt malformed
2026-04-14 21:55:05 [info]: User logged in: abc@gmail.com
2026-04-14 21:56:47 [info]: MCQ submission: user=69de50ec6f5d79c03614359d, question=69de533e1efd4b33696bf81b, correct=false, score=0
2026-04-14 21:57:29 [info]: MCQ submission: user=69de50ec6f5d79c03614359d, question=69de53571efd4b33696bf81f, correct=true, score=5
2026-04-14 21:58:21 [info]: Socket.IO initialized
2026-04-14 21:58:21 [info]: 🚀 Server running on port 5000
2026-04-14 21:58:21 [info]: MongoDB connected: localhost
2026-04-15 19:53:29 [info]: Socket.IO initialized
2026-04-15 19:53:29 [info]: 🚀 Server running on port 5000
2026-04-15 19:53:30 [info]: MongoDB connected: localhost
2026-04-15 19:54:30 [info]: User logged in: abc@gmail.com
2026-04-15 19:58:14 [info]: MCQ submission: user=69de50ec6f5d79c03614359d, question=69de533e1efd4b33696bf81b, correct=false, score=0
2026-04-15 19:59:19 [error]: Error: You have already answered this question correctly
    at Object.submitMCQ (C:\Users\22wh1\OneDrive\Documents\ONEDRIVE\Attachments\Desktop\gaming_contest\backend\services\submissionService.js:40:19)
    at process.processTicksAndRejections (node:internal/process/task_queues:95:5)
    at async submitMCQ (C:\Users\22wh1\OneDrive\Documents\ONEDRIVE\Attachments\Desktop\gaming_contest\backend\controllers\submissionController.js:10:20)
2026-04-15 20:00:09 [error]: CastError: Cast to ObjectId failed for value "69de533e1efd4b33696bf81" (type string) at path "_id" for model "Question"
    at SchemaObjectId.cast (C:\Users\22wh1\OneDrive\Documents\ONEDRIVE\Attachments\Desktop\gaming_contest\backend\node_modules\mongoose\lib\schema\objectId.js:252:11)
    at SchemaType.applySetters (C:\Users\22wh1\OneDrive\Documents\ONEDRIVE\Attachments\Desktop\gaming_contest\backend\node_modules\mongoose\lib\schemaType.js:1320:12)
    at SchemaType.castForQuery (C:\Users\22wh1\OneDrive\Documents\ONEDRIVE\Attachments\Desktop\gaming_contest\backend\node_modules\mongoose\lib\schemaType.js:1746:17)
    at cast (C:\Users\22wh1\OneDrive\Documents\ONEDRIVE\Attachments\Desktop\gaming_contest\backend\node_modules\mongoose\lib\cast.js:386:32)
    at Query.cast (C:\Users\22wh1\OneDrive\Documents\ONEDRIVE\Attachments\Desktop\gaming_contest\backend\node_modules\mongoose\lib\query.js:5127:12)
    at Query._castConditions (C:\Users\22wh1\OneDrive\Documents\ONEDRIVE\Attachments\Desktop\gaming_contest\backend\node_modules\mongoose\lib\query.js:2376:10)
    at model.Query._findOne (C:\Users\22wh1\OneDrive\Documents\ONEDRIVE\Attachments\Desktop\gaming_contest\backend\node_modules\mongoose\lib\query.js:2716:8)
    at model.Query.exec (C:\Users\22wh1\OneDrive\Documents\ONEDRIVE\Attachments\Desktop\gaming_contest\backend\node_modules\mongoose\lib\query.js:4726:80)
    at process.processTicksAndRejections (node:internal/process/task_queues:95:5)
    at async Object.submitMCQ (C:\Users\22wh1\OneDrive\Documents\ONEDRIVE\Attachments\Desktop\gaming_contest\backend\services\submissionService.js:31:20)
2026-04-15 20:00:20 [info]: MCQ submission: user=69de50ec6f5d79c03614359d, question=69de533e1efd4b33696bf81b, correct=true, score=5
2026-04-15 20:00:20 [info]: Qualification check for user 69de50ec6f5d79c03614359d after phase 1: score=10, rank=1/2, threshold=5, cutoffRank=1, qualified=true
2026-04-15 20:00:20 [info]: User 69de50ec6f5d79c03614359d qualified for phase 2, password generated
2026-04-15 20:00:20 [info]: Phase 1 completed for user 69de50ec6f5d79c03614359d. Qualified: true
2026-04-15 20:03:17 [info]: MCQ submission: user=69de50ec6f5d79c03614359d, question=69dfa16773771d7d8d559d5a, correct=true, score=5
2026-04-15 20:03:35 [error]: Error: You have already answered this question correctly
    at Object.submitMCQ (C:\Users\22wh1\OneDrive\Documents\ONEDRIVE\Attachments\Desktop\gaming_contest\backend\services\submissionService.js:40:19)
    at process.processTicksAndRejections (node:internal/process/task_queues:95:5)
    at async submitMCQ (C:\Users\22wh1\OneDrive\Documents\ONEDRIVE\Attachments\Desktop\gaming_contest\backend\controllers\submissionController.js:10:20)
2026-04-15 20:04:38 [error]: SyntaxError: Expected ',' or '}' after property value in JSON at position 24 (line 3 column 3)
    at JSON.parse (<anonymous>)
    at parse (C:\Users\22wh1\OneDrive\Documents\ONEDRIVE\Attachments\Desktop\gaming_contest\backend\node_modules\body-parser\lib\types\json.js:72:19)
    at C:\Users\22wh1\OneDrive\Documents\ONEDRIVE\Attachments\Desktop\gaming_contest\backend\node_modules\body-parser\lib\read.js:162:18
    at AsyncResource.runInAsyncScope (node:async_hooks:206:9)
    at invokeCallback (C:\Users\22wh1\OneDrive\Documents\ONEDRIVE\Attachments\Desktop\gaming_contest\backend\node_modules\raw-body\index.js:238:16)
    at done (C:\Users\22wh1\OneDrive\Documents\ONEDRIVE\Attachments\Desktop\gaming_contest\backend\node_modules\raw-body\index.js:227:7)
    at IncomingMessage.onEnd (C:\Users\22wh1\OneDrive\Documents\ONEDRIVE\Attachments\Desktop\gaming_contest\backend\node_modules\raw-body\index.js:287:7)
    at IncomingMessage.emit (node:events:519:28)
    at endReadableNT (node:internal/streams/readable:1696:12)
    at process.processTicksAndRejections (node:internal/process/task_queues:82:21)
2026-04-15 20:04:56 [info]: New user registered: bunny@gmail.com
2026-04-15 20:06:47 [info]: MCQ submission: user=69dfa210c7bf07ca3acd1ca6, question=69de533e1efd4b33696bf81b, correct=true, score=5
2026-04-15 20:07:30 [info]: MCQ submission: user=69dfa210c7bf07ca3acd1ca6, question=69de53571efd4b33696bf81f, correct=false, score=0
2026-04-15 20:08:17 [info]: MCQ submission: user=69dfa210c7bf07ca3acd1ca6, question=69dfa16773771d7d8d559d5a, correct=true, score=5
2026-04-15 20:08:46 [info]: MCQ submission: user=69dfa210c7bf07ca3acd1ca6, question=69de53571efd4b33696bf81f, correct=true, score=5
2026-04-15 20:08:46 [info]: Qualification check for user 69dfa210c7bf07ca3acd1ca6 after phase 1: score=15, rank=1/3, threshold=5, cutoffRank=1, qualified=true
2026-04-15 20:08:46 [info]: User 69dfa210c7bf07ca3acd1ca6 qualified for phase 2, password generated
2026-04-15 20:08:46 [info]: Phase 1 completed for user 69dfa210c7bf07ca3acd1ca6. Qualified: true
2026-04-15 20:13:02 [info]: Socket.IO initialized
2026-04-15 20:13:02 [info]: 🚀 Server running on port 5000
2026-04-15 20:13:02 [info]: MongoDB connected: localhost
2026-04-15 20:13:09 [info]: Socket.IO initialized
2026-04-15 20:13:09 [info]: 🚀 Server running on port 5000
2026-04-15 20:13:09 [info]: MongoDB connected: localhost
2026-04-15 20:13:52 [info]: Socket.IO initialized
2026-04-15 20:13:52 [info]: 🚀 Server running on port 5000
2026-04-15 20:13:52 [info]: MongoDB connected: localhost
2026-04-15 20:19:32 [info]: New user registered: bulli@gmail.com
2026-04-15 20:20:13 [error]: Error: Email already registered
    at Object.register (C:\Users\22wh1\OneDrive\Documents\ONEDRIVE\Attachments\Desktop\gaming_contest\backend\services\authService.js:17:19)
    at process.processTicksAndRejections (node:internal/process/task_queues:95:5)
    at async register (C:\Users\22wh1\OneDrive\Documents\ONEDRIVE\Attachments\Desktop\gaming_contest\backend\controllers\authController.js:7:20)
2026-04-15 20:21:05 [error]: ReferenceError: Cannot access 'scoreDelta' before initialization
    at Object.submitMCQ (C:\Users\22wh1\OneDrive\Documents\ONEDRIVE\Attachments\Desktop\gaming_contest\backend\services\submissionService.js:60:12)
    at process.processTicksAndRejections (node:internal/process/task_queues:95:5)
    at async submitMCQ (C:\Users\22wh1\OneDrive\Documents\ONEDRIVE\Attachments\Desktop\gaming_contest\backend\controllers\submissionController.js:10:20)
2026-04-15 20:23:02 [info]: Socket.IO initialized
2026-04-15 20:23:02 [info]: 🚀 Server running on port 5000
2026-04-15 20:23:02 [info]: MongoDB connected: localhost
2026-04-15 20:23:16 [info]: Socket.IO initialized
2026-04-15 20:23:16 [info]: 🚀 Server running on port 5000
2026-04-15 20:23:16 [info]: MongoDB connected: localhost
2026-04-15 20:23:23 [info]: MCQ submission: user=69dfa57c863fe8ac681c3120, question=69de533e1efd4b33696bf81b, correct=true, score=5
2026-04-15 20:23:58 [info]: MCQ submission: user=69dfa57c863fe8ac681c3120, question=69de53571efd4b33696bf81f, correct=false, score=-1
2026-04-15 20:24:23 [info]: MCQ submission: user=69dfa57c863fe8ac681c3120, question=69dfa16773771d7d8d559d5a, correct=true, score=5
2026-04-15 20:25:08 [info]: MCQ submission: user=69dfa57c863fe8ac681c3120, question=69de53571efd4b33696bf81f, correct=true, score=5
2026-04-15 20:25:08 [info]: Qualification check for user 69dfa57c863fe8ac681c3120 after phase 1: score=15, rank=1/4, threshold=10, cutoffRank=1, qualified=true
2026-04-15 20:25:08 [info]: User 69dfa57c863fe8ac681c3120 qualified for phase 2, password generated
2026-04-15 20:25:08 [info]: Phase 1 completed for user 69dfa57c863fe8ac681c3120. Qualified: true
2026-04-15 21:07:56 [info]: Socket.IO initialized
2026-04-15 21:07:56 [info]: 🚀 Server running on port 5000
2026-04-15 21:07:56 [info]: MongoDB connected: localhost
2026-04-15 21:08:15 [info]: Socket.IO initialized
2026-04-15 21:08:15 [info]: 🚀 Server running on port 5000
2026-04-15 21:08:15 [info]: MongoDB connected: localhost
2026-04-15 21:08:48 [info]: Socket.IO initialized
2026-04-15 21:08:48 [info]: 🚀 Server running on port 5000
2026-04-15 21:08:48 [info]: MongoDB connected: localhost
2026-04-15 21:09:04 [info]: Socket.IO initialized
2026-04-15 21:09:04 [info]: 🚀 Server running on port 5000
2026-04-15 21:09:04 [info]: MongoDB connected: localhost
2026-04-15 21:11:08 [info]: Socket.IO initialized
2026-04-15 21:11:08 [info]: 🚀 Server running on port 5000
2026-04-15 21:11:08 [info]: MongoDB connected: localhost
2026-04-15 21:20:43 [info]: User 69dfa57c863fe8ac681c3120 unlocked phase 2
2026-04-15 21:24:53 [info]: DEBUG: user=69dfa57c863fe8ac681c3120, correct=true, score=10
2026-04-15 21:28:37 [info]: DEBUG: user=69dfa57c863fe8ac681c3120, correct=true, score=15
2026-04-15 21:29:33 [info]: DEBUG: user=69dfa57c863fe8ac681c3120, correct=false, score=0
2026-04-15 21:36:00 [info]: Socket.IO initialized
2026-04-15 21:36:00 [info]: 🚀 Server running on port 5000
2026-04-15 21:36:00 [info]: MongoDB connected: localhost
2026-04-15 21:39:23 [info]: DEBUG: user=69dfa57c863fe8ac681c3120, correct=false, score=0
2026-04-15 21:39:33 [info]: DEBUG: user=69dfa57c863fe8ac681c3120, correct=false, score=0
2026-04-15 21:39:47 [info]: Socket.IO initialized
2026-04-15 21:39:47 [info]: 🚀 Server running on port 5000
2026-04-15 21:39:47 [info]: MongoDB connected: localhost
2026-04-15 21:43:57 [info]: Socket.IO initialized
2026-04-15 21:43:57 [info]: 🚀 Server running on port 5000
2026-04-15 21:43:57 [info]: MongoDB connected: localhost
2026-04-15 21:43:59 [info]: DEBUG: user=69dfa57c863fe8ac681c3120, correct=false, score=0
2026-04-15 21:44:16 [info]: DEBUG: user=69dfa57c863fe8ac681c3120, correct=false, score=0
2026-04-15 21:44:37 [info]: DEBUG: user=69dfa57c863fe8ac681c3120, correct=true, score=15
2026-04-15 21:45:23 [info]: DEBUG: user=69dfa57c863fe8ac681c3120, correct=false, score=0
2026-04-15 21:46:54 [info]: Socket.IO initialized
2026-04-15 21:46:54 [info]: 🚀 Server running on port 5000
2026-04-15 21:46:54 [info]: MongoDB connected: localhost
2026-04-15 21:47:08 [info]: DEBUG: user=69dfa57c863fe8ac681c3120, correct=true, score=20
2026-04-15 21:48:59 [info]: Socket.IO initialized
2026-04-15 21:48:59 [info]: 🚀 Server running on port 5000
2026-04-15 21:48:59 [info]: MongoDB connected: localhost
2026-04-15 21:49:59 [info]: New user registered: kumar@gmail.com
2026-04-15 21:51:12 [info]: MCQ: user=69dfbaafa28a4511b099f945, correct=true, score=5
2026-04-15 21:51:44 [info]: MCQ: user=69dfbaafa28a4511b099f945, correct=true, score=5
2026-04-15 21:52:28 [info]: MCQ: user=69dfbaafa28a4511b099f945, correct=false, score=-1
2026-04-15 21:52:40 [info]: MCQ: user=69dfbaafa28a4511b099f945, correct=true, score=5
2026-04-15 21:52:40 [info]: Qualification check for user 69dfbaafa28a4511b099f945 after phase 1: score=15, rank=2/5, threshold=10, cutoffRank=1, qualified=true
2026-04-15 21:52:40 [info]: User 69dfbaafa28a4511b099f945 qualified for phase 2, password generated
2026-04-15 21:52:40 [info]: Phase 1 completed → Qualified=true
2026-04-15 21:59:01 [info]: User 69dfbaafa28a4511b099f945 unlocked phase 2
2026-04-15 22:00:19 [info]: DEBUG: user=69dfbaafa28a4511b099f945, correct=true, score=10
2026-04-15 22:00:42 [info]: DEBUG: user=69dfbaafa28a4511b099f945, correct=true, score=10
2026-04-15 22:01:10 [info]: DEBUG: user=69dfbaafa28a4511b099f945, correct=false, score=-2
2026-04-15 22:01:54 [info]: DEBUG: user=69dfbaafa28a4511b099f945, correct=false, score=-2
2026-04-15 22:02:24 [info]: DEBUG: user=69dfbaafa28a4511b099f945, correct=false, score=-2
2026-04-15 22:02:54 [info]: DEBUG: user=69dfbaafa28a4511b099f945, correct=true, score=20
2026-04-15 22:03:57 [info]: DEBUG: user=69dfbaafa28a4511b099f945, correct=true, score=15
2026-04-15 22:04:26 [info]: DEBUG: user=69dfbaafa28a4511b099f945, correct=true, score=15
2026-04-15 22:04:55 [info]: DEBUG: user=69dfbaafa28a4511b099f945, correct=true, score=15
2026-04-15 22:04:55 [info]: Qualification check for user 69dfbaafa28a4511b099f945 after phase 2: score=100, rank=1/5, threshold=10, cutoffRank=1, qualified=true
2026-04-15 22:04:55 [info]: User 69dfbaafa28a4511b099f945 qualified for phase 3, password generated
2026-04-15 22:04:55 [info]: Phase 2 completed → Qualified=true
2026-04-15 22:07:39 [info]: User 69dfbaafa28a4511b099f945 unlocked phase 3
2026-04-15 22:12:39 [error]: Judge0 error for test case: Request failed with status code 403
2026-04-15 22:12:40 [error]: Judge0 error for test case: Request failed with status code 429
2026-04-15 22:12:40 [info]: CODE: user=69dfbaafa28a4511b099f945, status=wrong, score=0
2026-04-15 22:14:51 [info]: Socket.IO initialized
2026-04-15 22:14:51 [info]: 🚀 Server running on port 5000
2026-04-15 22:14:51 [info]: MongoDB connected: localhost
2026-04-15 22:14:55 [error]: Judge0 error for test case: Request failed with status code 403
2026-04-15 22:14:55 [error]: Judge0 error for test case: Request failed with status code 429
2026-04-15 22:14:55 [info]: CODE: user=69dfbaafa28a4511b099f945, status=wrong, score=-2
2026-04-15 22:16:14 [error]: Judge0 error for test case: Request failed with status code 403
2026-04-15 22:16:14 [error]: Judge0 error for test case: Request failed with status code 429
2026-04-15 22:16:14 [info]: CODE: user=69dfbaafa28a4511b099f945, status=wrong, score=-2
2026-04-15 22:16:52 [error]: Judge0 error for test case: Request failed with status code 403
2026-04-15 22:16:52 [error]: Judge0 error for test case: Request failed with status code 429
2026-04-15 22:16:52 [info]: CODE: user=69dfbaafa28a4511b099f945, status=wrong, score=-2
2026-04-15 22:17:05 [error]: Judge0 error for test case: Request failed with status code 403
2026-04-15 22:17:05 [error]: Judge0 error for test case: Request failed with status code 429
2026-04-15 22:17:05 [info]: CODE: user=69dfbaafa28a4511b099f945, status=wrong, score=-2
2026-04-15 22:17:32 [error]: Judge0 error for test case: Request failed with status code 403
2026-04-15 22:17:32 [error]: Judge0 error for test case: Request failed with status code 429
2026-04-15 22:17:32 [info]: CODE: user=69dfbaafa28a4511b099f945, status=wrong, score=-2
2026-04-15 22:17:56 [error]: Judge0 error for test case: Request failed with status code 403
2026-04-15 22:17:57 [error]: Judge0 error for test case: Request failed with status code 429
2026-04-15 22:17:57 [info]: CODE: user=69dfbaafa28a4511b099f945, status=wrong, score=-2
2026-04-15 22:30:33 [info]: Socket.IO initialized
2026-04-15 22:30:33 [info]: 🚀 Server running on port 5000
2026-04-15 22:30:33 [info]: MongoDB connected: localhost
2026-04-16 22:11:44 [info]: Socket.IO initialized
2026-04-16 22:11:44 [info]: 🚀 Server running on port 5000
2026-04-16 22:11:44 [info]: MongoDB connected: localhost
2026-04-16 22:13:36 [info]: User logged in: bulli@gmail.com
2026-04-16 22:14:46 [error]: Auth middleware error: invalid signature
2026-04-16 22:15:08 [error]: Auth middleware error: invalid signature
2026-04-16 22:16:10 [info]: User logged in: bulli@gmail.com
2026-04-16 22:16:32 [info]: User logged in: bulli@gmail.com
2026-04-16 22:58:50 [info]: Socket.IO initialized
2026-04-16 22:58:50 [info]: 🚀 Server running on port 5000
2026-04-16 22:58:51 [info]: MongoDB connected: localhost
2026-04-16 22:59:09 [info]: Socket.IO initialized
2026-04-16 22:59:09 [info]: 🚀 Server running on port 5000
2026-04-16 22:59:09 [info]: MongoDB connected: localhost
2026-04-17 21:05:04 [info]: Socket.IO initialized
2026-04-17 21:05:04 [info]: 🚀 Server running on port 5000
2026-04-17 21:05:04 [info]: MongoDB connected: localhost
2026-04-17 21:07:27 [info]: Socket.IO initialized
2026-04-17 21:07:27 [info]: 🚀 Server running on port 5000
2026-04-17 21:07:28 [info]: MongoDB connected: localhost
2026-04-17 21:07:52 [info]: User logged in: kumar@gmail.com
2026-04-17 21:07:57 [error]: Error: Already answered correctly
    at Object.submitMCQ (C:\Users\22wh1\OneDrive\Documents\ONEDRIVE\Attachments\Desktop\gaming_contest\backend\services\submissionService.js:33:11)
    at process.processTicksAndRejections (node:internal/process/task_queues:95:5)
    at async submitMCQ (C:\Users\22wh1\OneDrive\Documents\ONEDRIVE\Attachments\Desktop\gaming_contest\backend\controllers\submissionController.js:10:20)
2026-04-17 21:07:58 [error]: Error: Already answered correctly
    at Object.submitMCQ (C:\Users\22wh1\OneDrive\Documents\ONEDRIVE\Attachments\Desktop\gaming_contest\backend\services\submissionService.js:33:11)
    at process.processTicksAndRejections (node:internal/process/task_queues:95:5)
    at async submitMCQ (C:\Users\22wh1\OneDrive\Documents\ONEDRIVE\Attachments\Desktop\gaming_contest\backend\controllers\submissionController.js:10:20)
2026-04-17 21:08:00 [error]: Error: Already answered correctly
    at Object.submitMCQ (C:\Users\22wh1\OneDrive\Documents\ONEDRIVE\Attachments\Desktop\gaming_contest\backend\services\submissionService.js:33:11)
    at process.processTicksAndRejections (node:internal/process/task_queues:95:5)
    at async submitMCQ (C:\Users\22wh1\OneDrive\Documents\ONEDRIVE\Attachments\Desktop\gaming_contest\backend\controllers\submissionController.js:10:20)
2026-04-17 21:08:01 [error]: Error: Already answered correctly
    at Object.submitMCQ (C:\Users\22wh1\OneDrive\Documents\ONEDRIVE\Attachments\Desktop\gaming_contest\backend\services\submissionService.js:33:11)
    at process.processTicksAndRejections (node:internal/process/task_queues:95:5)
    at async submitMCQ (C:\Users\22wh1\OneDrive\Documents\ONEDRIVE\Attachments\Desktop\gaming_contest\backend\controllers\submissionController.js:10:20)
2026-04-17 21:08:03 [info]: MCQ: user=69dfbaafa28a4511b099f945, correct=true, score=5
2026-04-17 21:08:18 [error]: Error: Already answered correctly
    at Object.submitMCQ (C:\Users\22wh1\OneDrive\Documents\ONEDRIVE\Attachments\Desktop\gaming_contest\backend\services\submissionService.js:33:11)
    at process.processTicksAndRejections (node:internal/process/task_queues:95:5)
    at async submitMCQ (C:\Users\22wh1\OneDrive\Documents\ONEDRIVE\Attachments\Desktop\gaming_contest\backend\controllers\submissionController.js:10:20)
2026-04-17 21:08:21 [error]: Error: Already answered correctly
    at Object.submitMCQ (C:\Users\22wh1\OneDrive\Documents\ONEDRIVE\Attachments\Desktop\gaming_contest\backend\services\submissionService.js:33:11)
    at process.processTicksAndRejections (node:internal/process/task_queues:95:5)
    at async submitMCQ (C:\Users\22wh1\OneDrive\Documents\ONEDRIVE\Attachments\Desktop\gaming_contest\backend\controllers\submissionController.js:10:20)
2026-04-17 21:08:21 [error]: Error: Already answered correctly
    at Object.submitMCQ (C:\Users\22wh1\OneDrive\Documents\ONEDRIVE\Attachments\Desktop\gaming_contest\backend\services\submissionService.js:33:11)
    at process.processTicksAndRejections (node:internal/process/task_queues:95:5)
    at async submitMCQ (C:\Users\22wh1\OneDrive\Documents\ONEDRIVE\Attachments\Desktop\gaming_contest\backend\controllers\submissionController.js:10:20)
2026-04-17 21:08:32 [error]: Error: Already answered correctly
    at Object.submitMCQ (C:\Users\22wh1\OneDrive\Documents\ONEDRIVE\Attachments\Desktop\gaming_contest\backend\services\submissionService.js:33:11)
    at process.processTicksAndRejections (node:internal/process/task_queues:95:5)
    at async submitMCQ (C:\Users\22wh1\OneDrive\Documents\ONEDRIVE\Attachments\Desktop\gaming_contest\backend\controllers\submissionController.js:10:20)
2026-04-17 21:08:36 [error]: Error: Already answered correctly
    at Object.submitMCQ (C:\Users\22wh1\OneDrive\Documents\ONEDRIVE\Attachments\Desktop\gaming_contest\backend\services\submissionService.js:33:11)
    at process.processTicksAndRejections (node:internal/process/task_queues:95:5)
    at async submitMCQ (C:\Users\22wh1\OneDrive\Documents\ONEDRIVE\Attachments\Desktop\gaming_contest\backend\controllers\submissionController.js:10:20)
2026-04-17 21:09:39 [info]: Socket.IO initialized
2026-04-17 21:09:39 [info]: 🚀 Server running on port 5000
2026-04-17 21:09:40 [info]: MongoDB connected: localhost
2026-04-17 21:09:54 [info]: Socket.IO initialized
2026-04-17 21:09:54 [info]: 🚀 Server running on port 5000
2026-04-17 21:09:54 [info]: MongoDB connected: localhost
2026-04-17 21:13:58 [info]: Socket.IO initialized
2026-04-17 21:13:58 [info]: 🚀 Server running on port 5000
2026-04-17 21:13:58 [info]: MongoDB connected: localhost
2026-04-17 21:14:38 [info]: Socket.IO initialized
2026-04-17 21:14:38 [info]: 🚀 Server running on port 5000
2026-04-17 21:14:38 [info]: MongoDB connected: localhost
2026-04-17 21:14:58 [error]: AppError: Already answered correctly
    at Object.submitMCQ (C:\Users\22wh1\OneDrive\Documents\ONEDRIVE\Attachments\Desktop\gaming_contest\backend\services\submissionService.js:34:11)
    at process.processTicksAndRejections (node:internal/process/task_queues:95:5)
    at async submitMCQ (C:\Users\22wh1\OneDrive\Documents\ONEDRIVE\Attachments\Desktop\gaming_contest\backend\controllers\submissionController.js:10:20)
2026-04-17 21:15:08 [error]: AppError: Already answered correctly
    at Object.submitMCQ (C:\Users\22wh1\OneDrive\Documents\ONEDRIVE\Attachments\Desktop\gaming_contest\backend\services\submissionService.js:34:11)
    at process.processTicksAndRejections (node:internal/process/task_queues:95:5)
    at async submitMCQ (C:\Users\22wh1\OneDrive\Documents\ONEDRIVE\Attachments\Desktop\gaming_contest\backend\controllers\submissionController.js:10:20)
2026-04-17 21:15:11 [info]: MCQ: user=69dfbaafa28a4511b099f945, correct=true, score=5
2026-04-17 21:15:48 [info]: User logged in: bulli@gmail.com
2026-04-17 21:16:27 [info]: MCQ: user=69dfa57c863fe8ac681c3120, correct=false, score=-1
2026-04-17 21:17:50 [info]: DEBUG: user=69dfa57c863fe8ac681c3120, correct=false, score=-1
2026-04-17 21:18:02 [error]: Error: Already solved
    at Object.submitDebug (C:\Users\22wh1\OneDrive\Documents\ONEDRIVE\Attachments\Desktop\gaming_contest\backend\services\submissionService.js:86:11)
    at process.processTicksAndRejections (node:internal/process/task_queues:95:5)
    at async submitDebug (C:\Users\22wh1\OneDrive\Documents\ONEDRIVE\Attachments\Desktop\gaming_contest\backend\controllers\submissionController.js:37:20)
2026-04-17 21:18:04 [error]: Error: Already solved
    at Object.submitDebug (C:\Users\22wh1\OneDrive\Documents\ONEDRIVE\Attachments\Desktop\gaming_contest\backend\services\submissionService.js:86:11)
    at process.processTicksAndRejections (node:internal/process/task_queues:95:5)
    at async submitDebug (C:\Users\22wh1\OneDrive\Documents\ONEDRIVE\Attachments\Desktop\gaming_contest\backend\controllers\submissionController.js:37:20)
2026-04-17 21:18:10 [error]: Error: Already solved
    at Object.submitDebug (C:\Users\22wh1\OneDrive\Documents\ONEDRIVE\Attachments\Desktop\gaming_contest\backend\services\submissionService.js:86:11)
    at process.processTicksAndRejections (node:internal/process/task_queues:95:5)
    at async submitDebug (C:\Users\22wh1\OneDrive\Documents\ONEDRIVE\Attachments\Desktop\gaming_contest\backend\controllers\submissionController.js:37:20)
2026-04-17 21:18:12 [error]: Error: Already solved
    at Object.submitDebug (C:\Users\22wh1\OneDrive\Documents\ONEDRIVE\Attachments\Desktop\gaming_contest\backend\services\submissionService.js:86:11)
    at process.processTicksAndRejections (node:internal/process/task_queues:95:5)
    at async submitDebug (C:\Users\22wh1\OneDrive\Documents\ONEDRIVE\Attachments\Desktop\gaming_contest\backend\controllers\submissionController.js:37:20)
2026-04-17 21:18:27 [error]: Error: Already solved
    at Object.submitDebug (C:\Users\22wh1\OneDrive\Documents\ONEDRIVE\Attachments\Desktop\gaming_contest\backend\services\submissionService.js:86:11)
    at process.processTicksAndRejections (node:internal/process/task_queues:95:5)
    at async submitDebug (C:\Users\22wh1\OneDrive\Documents\ONEDRIVE\Attachments\Desktop\gaming_contest\backend\controllers\submissionController.js:37:20)
2026-04-17 21:18:40 [error]: Error: Already solved
    at Object.submitDebug (C:\Users\22wh1\OneDrive\Documents\ONEDRIVE\Attachments\Desktop\gaming_contest\backend\services\submissionService.js:86:11)
    at process.processTicksAndRejections (node:internal/process/task_queues:95:5)
    at async submitDebug (C:\Users\22wh1\OneDrive\Documents\ONEDRIVE\Attachments\Desktop\gaming_contest\backend\controllers\submissionController.js:37:20)
2026-04-17 21:18:41 [error]: Error: Already solved
    at Object.submitDebug (C:\Users\22wh1\OneDrive\Documents\ONEDRIVE\Attachments\Desktop\gaming_contest\backend\services\submissionService.js:86:11)
    at process.processTicksAndRejections (node:internal/process/task_queues:95:5)
    at async submitDebug (C:\Users\22wh1\OneDrive\Documents\ONEDRIVE\Attachments\Desktop\gaming_contest\backend\controllers\submissionController.js:37:20)
2026-04-17 21:21:03 [info]: Socket.IO initialized
2026-04-17 21:21:03 [info]: 🚀 Server running on port 5000
2026-04-17 21:21:03 [info]: MongoDB connected: localhost
2026-04-17 21:21:59 [info]: Socket.IO initialized
2026-04-17 21:21:59 [info]: 🚀 Server running on port 5000
2026-04-17 21:21:59 [info]: MongoDB connected: localhost
2026-04-17 21:22:26 [info]: Socket.IO initialized
2026-04-17 21:22:26 [info]: 🚀 Server running on port 5000
2026-04-17 21:22:26 [info]: MongoDB connected: localhost
2026-04-17 21:22:51 [info]: User logged in: bulli@gmail.com
2026-04-17 21:22:59 [info]: DEBUG: user=69dfa57c863fe8ac681c3120, correct=false, score=-1
2026-04-17 21:23:07 [error]: AppError: Already solved
    at Object.submitDebug (C:\Users\22wh1\OneDrive\Documents\ONEDRIVE\Attachments\Desktop\gaming_contest\backend\services\submissionService.js:86:11)
    at process.processTicksAndRejections (node:internal/process/task_queues:95:5)
    at async submitDebug (C:\Users\22wh1\OneDrive\Documents\ONEDRIVE\Attachments\Desktop\gaming_contest\backend\controllers\submissionController.js:37:20)
2026-04-17 21:23:14 [error]: AppError: Already solved
    at Object.submitDebug (C:\Users\22wh1\OneDrive\Documents\ONEDRIVE\Attachments\Desktop\gaming_contest\backend\services\submissionService.js:86:11)
    at process.processTicksAndRejections (node:internal/process/task_queues:95:5)
    at async submitDebug (C:\Users\22wh1\OneDrive\Documents\ONEDRIVE\Attachments\Desktop\gaming_contest\backend\controllers\submissionController.js:37:20)
2026-04-17 21:23:26 [error]: AppError: Already solved
    at Object.submitDebug (C:\Users\22wh1\OneDrive\Documents\ONEDRIVE\Attachments\Desktop\gaming_contest\backend\services\submissionService.js:86:11)
    at process.processTicksAndRejections (node:internal/process/task_queues:95:5)
    at async submitDebug (C:\Users\22wh1\OneDrive\Documents\ONEDRIVE\Attachments\Desktop\gaming_contest\backend\controllers\submissionController.js:37:20)
2026-04-17 21:25:13 [info]: User logged in: bulli@gmail.com
2026-04-17 21:25:34 [info]: User logged in: bulli@gmail.com
2026-04-17 21:29:03 [error]: AppError: Already solved
    at Object.submitDebug (C:\Users\22wh1\OneDrive\Documents\ONEDRIVE\Attachments\Desktop\gaming_contest\backend\services\submissionService.js:86:11)
    at process.processTicksAndRejections (node:internal/process/task_queues:95:5)
    at async submitDebug (C:\Users\22wh1\OneDrive\Documents\ONEDRIVE\Attachments\Desktop\gaming_contest\backend\controllers\submissionController.js:37:20)
2026-04-17 21:29:39 [error]: AppError: Already solved
    at Object.submitDebug (C:\Users\22wh1\OneDrive\Documents\ONEDRIVE\Attachments\Desktop\gaming_contest\backend\services\submissionService.js:86:11)
    at process.processTicksAndRejections (node:internal/process/task_queues:95:5)
    at async submitDebug (C:\Users\22wh1\OneDrive\Documents\ONEDRIVE\Attachments\Desktop\gaming_contest\backend\controllers\submissionController.js:37:20)
2026-04-17 21:31:57 [info]: Socket.IO initialized
2026-04-17 21:31:57 [info]: 🚀 Server running on port 5000
2026-04-17 21:31:57 [info]: MongoDB connected: localhost
2026-04-17 21:32:00 [error]: Error: Email already registered
    at Object.register (C:\Users\22wh1\OneDrive\Documents\ONEDRIVE\Attachments\Desktop\gaming_contest\backend\services\authService.js:17:19)
    at process.processTicksAndRejections (node:internal/process/task_queues:95:5)
    at async register (C:\Users\22wh1\OneDrive\Documents\ONEDRIVE\Attachments\Desktop\gaming_contest\backend\controllers\authController.js:7:20)
2026-04-17 21:32:14 [info]: New user registered: xyz@gmail.com
2026-04-17 21:33:31 [error]: TypeError: answer.trim is not a function
    at Object.submitMCQ (C:\Users\22wh1\OneDrive\Documents\ONEDRIVE\Attachments\Desktop\gaming_contest\backend\services\submissionService.js:37:28)
    at process.processTicksAndRejections (node:internal/process/task_queues:95:5)
    at async submitMCQ (C:\Users\22wh1\OneDrive\Documents\ONEDRIVE\Attachments\Desktop\gaming_contest\backend\controllers\submissionController.js:10:20)
2026-04-17 21:33:43 [info]: MCQ: user=69e25986acdf0c0690864894, correct=true, score=5
2026-04-17 21:34:04 [info]: MCQ: user=69e25986acdf0c0690864894, correct=true, score=5
2026-04-17 21:34:25 [info]: MCQ: user=69e25986acdf0c0690864894, correct=true, score=5
2026-04-17 21:34:25 [info]: Qualification check for user 69e25986acdf0c0690864894 after phase 1: score=15, rank=3/6, threshold=10, cutoffRank=1, qualified=true
2026-04-17 21:34:25 [info]: User 69e25986acdf0c0690864894 qualified for phase 2, password generated
2026-04-17 21:34:25 [info]: Phase 1 completed → Qualified=true
2026-04-17 21:36:25 [info]: DEBUG: user=69e25986acdf0c0690864894, correct=true, score=10
2026-04-17 21:36:52 [info]: DEBUG: user=69e25986acdf0c0690864894, correct=false, score=-2
2026-04-17 21:37:29 [info]: DEBUG: user=69e25986acdf0c0690864894, correct=false, score=-2
2026-04-17 21:37:56 [info]: DEBUG: user=69e25986acdf0c0690864894, correct=false, score=-2
2026-04-17 21:38:30 [info]: DEBUG: user=69e25986acdf0c0690864894, correct=true, score=20
2026-04-17 21:43:02 [info]: Socket.IO initialized
2026-04-17 21:43:02 [info]: 🚀 Server running on port 5000
2026-04-17 21:43:07 [info]: Socket.IO initialized
2026-04-17 21:43:07 [info]: 🚀 Server running on port 5000
2026-04-17 21:43:07 [info]: MongoDB connected: localhost
2026-04-17 21:43:23 [error]: AppError: Debug question not found
    at Object.submitDebug (C:\Users\22wh1\OneDrive\Documents\ONEDRIVE\Attachments\Desktop\gaming_contest\backend\services\submissionService.js:80:11)
    at process.processTicksAndRejections (node:internal/process/task_queues:95:5)
    at async submitDebug (C:\Users\22wh1\OneDrive\Documents\ONEDRIVE\Attachments\Desktop\gaming_contest\backend\controllers\submissionController.js:37:20)
2026-04-17 21:44:12 [info]: DEBUG: user=69e25986acdf0c0690864894, correct=true, score=15
2026-04-17 21:44:12 [info]: Qualification check for user 69e25986acdf0c0690864894 after phase 2: score=56, rank=3/6, threshold=10, cutoffRank=2, qualified=true
2026-04-17 21:44:12 [info]: User 69e25986acdf0c0690864894 qualified for phase 3, password generated
2026-04-17 21:44:12 [info]: Phase 2 completed → Qualified=true
2026-04-17 21:45:01 [info]: Socket.IO initialized
2026-04-17 21:45:01 [info]: 🚀 Server running on port 5000
2026-04-17 21:45:01 [info]: MongoDB connected: localhost
2026-04-27 19:02:26 [info]: Socket.IO initialized
2026-04-27 19:02:26 [info]: 🚀 Server running on port 5000
2026-04-27 19:02:26 [info]: MongoDB connected: localhost
2026-04-27 19:02:30 [info]: Socket.IO initialized
2026-04-27 19:02:30 [info]: 🚀 Server running on port 5000
2026-04-27 19:02:30 [info]: MongoDB connected: localhost
2026-04-27 19:08:09 [info]: User logged in: bulli@gmail.com
2026-04-27 19:20:49 [info]: Socket.IO initialized
2026-04-27 19:20:50 [info]: 🚀 Server running on port 5000
2026-04-27 19:20:50 [info]: MongoDB connected: localhost
2026-04-27 19:21:00 [info]: Socket.IO initialized
2026-04-27 19:21:00 [info]: 🚀 Server running on port 5000
2026-04-27 19:21:00 [info]: MongoDB connected: localhost
2026-04-27 19:21:51 [info]: User logged in: kumar@gmail.com
2026-04-27 19:25:24 [info]: CODE: user=69dfbaafa28a4511b099f945, status=correct, score=20
2026-04-27 19:28:46 [error]: SyntaxError: Bad control character in string literal in JSON at position 82 (line 4 column 23)
    at JSON.parse (<anonymous>)
    at parse (C:\Users\22wh1\OneDrive\Documents\ONEDRIVE\Attachments\Desktop\gaming_contest\backend\node_modules\body-parser\lib\types\json.js:72:19)
    at C:\Users\22wh1\OneDrive\Documents\ONEDRIVE\Attachments\Desktop\gaming_contest\backend\node_modules\body-parser\lib\read.js:162:18
    at AsyncResource.runInAsyncScope (node:async_hooks:206:9)
    at invokeCallback (C:\Users\22wh1\OneDrive\Documents\ONEDRIVE\Attachments\Desktop\gaming_contest\backend\node_modules\raw-body\index.js:238:16)
    at done (C:\Users\22wh1\OneDrive\Documents\ONEDRIVE\Attachments\Desktop\gaming_contest\backend\node_modules\raw-body\index.js:227:7)
    at IncomingMessage.onEnd (C:\Users\22wh1\OneDrive\Documents\ONEDRIVE\Attachments\Desktop\gaming_contest\backend\node_modules\raw-body\index.js:287:7)
    at IncomingMessage.emit (node:events:519:28)
    at endReadableNT (node:internal/streams/readable:1696:12)
    at process.processTicksAndRejections (node:internal/process/task_queues:82:21)
2026-04-27 19:30:49 [info]: CODE: user=69dfbaafa28a4511b099f945, status=partial, score=10
2026-04-27 19:32:55 [info]: CODE: user=69dfbaafa28a4511b099f945, status=correct, score=20
2026-04-28 12:05:48 [info]: Socket.IO initialized
2026-04-28 12:05:48 [info]: 🚀 Server running on port 5000
2026-04-28 12:05:48 [info]: MongoDB connected: localhost
2026-04-28 12:07:05 [info]: User logged in: kumar@gmail.com
2026-04-28 12:07:12 [error]: AppError: Already answered correctly
    at Object.submitMCQ (C:\Users\22wh1\OneDrive\Documents\ONEDRIVE\Attachments\Desktop\gaming_contest\backend\services\submissionService.js:34:11)
    at process.processTicksAndRejections (node:internal/process/task_queues:95:5)
    at async submitMCQ (C:\Users\22wh1\OneDrive\Documents\ONEDRIVE\Attachments\Desktop\gaming_contest\backend\controllers\submissionController.js:10:20)
2026-04-28 12:07:16 [error]: AppError: Already answered correctly
    at Object.submitMCQ (C:\Users\22wh1\OneDrive\Documents\ONEDRIVE\Attachments\Desktop\gaming_contest\backend\services\submissionService.js:34:11)
    at process.processTicksAndRejections (node:internal/process/task_queues:95:5)
    at async submitMCQ (C:\Users\22wh1\OneDrive\Documents\ONEDRIVE\Attachments\Desktop\gaming_contest\backend\controllers\submissionController.js:10:20)
2026-04-28 12:07:19 [info]: MCQ: user=69dfbaafa28a4511b099f945, correct=false, score=-1
2026-04-28 12:07:40 [error]: AppError: Already solved
    at Object.submitDebug (C:\Users\22wh1\OneDrive\Documents\ONEDRIVE\Attachments\Desktop\gaming_contest\backend\services\submissionService.js:86:11)
    at process.processTicksAndRejections (node:internal/process/task_queues:95:5)
    at async submitDebug (C:\Users\22wh1\OneDrive\Documents\ONEDRIVE\Attachments\Desktop\gaming_contest\backend\controllers\submissionController.js:37:20)
2026-04-28 12:10:12 [info]: User logged in: sivani@gmail.com
2026-04-28 12:10:18 [error]: AppError: Already answered correctly
    at Object.submitMCQ (C:\Users\22wh1\OneDrive\Documents\ONEDRIVE\Attachments\Desktop\gaming_contest\backend\services\submissionService.js:34:11)
    at process.processTicksAndRejections (node:internal/process/task_queues:95:5)
    at async submitMCQ (C:\Users\22wh1\OneDrive\Documents\ONEDRIVE\Attachments\Desktop\gaming_contest\backend\controllers\submissionController.js:10:20)
2026-04-28 12:10:22 [info]: MCQ: user=69de4f9b6f5d79c03614359c, correct=true, score=5
2026-04-28 12:10:25 [info]: MCQ: user=69de4f9b6f5d79c03614359c, correct=true, score=5
2026-04-28 12:10:25 [info]: Qualification check for user 69de4f9b6f5d79c03614359c after phase 1: score=15, rank=4/6, threshold=10, cutoffRank=1, qualified=true
2026-04-28 12:10:25 [info]: User 69de4f9b6f5d79c03614359c qualified for phase 2, password generated
2026-04-28 12:10:25 [info]: Phase 1 completed → Qualified=true
2026-04-28 12:11:26 [error]: AppError: Already answered correctly
    at Object.submitMCQ (C:\Users\22wh1\OneDrive\Documents\ONEDRIVE\Attachments\Desktop\gaming_contest\backend\services\submissionService.js:34:11)
    at process.processTicksAndRejections (node:internal/process/task_queues:95:5)
    at async submitMCQ (C:\Users\22wh1\OneDrive\Documents\ONEDRIVE\Attachments\Desktop\gaming_contest\backend\controllers\submissionController.js:10:20)
2026-04-28 12:11:31 [info]: MCQ: user=69de4f9b6f5d79c03614359c, correct=true, score=5
2026-04-28 12:11:48 [info]: MCQ: user=69de4f9b6f5d79c03614359c, correct=true, score=5
2026-04-28 12:11:53 [error]: AppError: Already answered correctly
    at Object.submitMCQ (C:\Users\22wh1\OneDrive\Documents\ONEDRIVE\Attachments\Desktop\gaming_contest\backend\services\submissionService.js:34:11)
    at process.processTicksAndRejections (node:internal/process/task_queues:95:5)
    at async submitMCQ (C:\Users\22wh1\OneDrive\Documents\ONEDRIVE\Attachments\Desktop\gaming_contest\backend\controllers\submissionController.js:10:20)
2026-04-28 12:12:05 [error]: AppError: Already answered correctly
    at Object.submitMCQ (C:\Users\22wh1\OneDrive\Documents\ONEDRIVE\Attachments\Desktop\gaming_contest\backend\services\submissionService.js:34:11)
    at process.processTicksAndRejections (node:internal/process/task_queues:95:5)
    at async submitMCQ (C:\Users\22wh1\OneDrive\Documents\ONEDRIVE\Attachments\Desktop\gaming_contest\backend\controllers\submissionController.js:10:20)
2026-04-28 12:34:44 [info]: Socket.IO initialized
2026-04-28 12:34:44 [info]: 🚀 Server running on port 5000
2026-04-28 12:34:44 [info]: MongoDB connected: localhost
2026-04-28 12:35:34 [error]: Auth middleware error: jwt expired
2026-04-28 12:35:34 [error]: Auth middleware error: jwt expired
2026-04-28 12:35:53 [info]: User logged in: sivani@gmail.com
2026-04-28 12:36:07 [error]: AppError: Already answered correctly
    at Object.submitMCQ (C:\Users\22wh1\OneDrive\Documents\ONEDRIVE\Attachments\Desktop\gaming_contest\backend\services\submissionService.js:34:11)
    at process.processTicksAndRejections (node:internal/process/task_queues:95:5)
    at async submitMCQ (C:\Users\22wh1\OneDrive\Documents\ONEDRIVE\Attachments\Desktop\gaming_contest\backend\controllers\submissionController.js:10:20)
2026-04-28 12:36:10 [info]: MCQ: user=69de4f9b6f5d79c03614359c, correct=true, score=5
2026-04-28 12:36:15 [error]: AppError: Already answered correctly
    at Object.submitMCQ (C:\Users\22wh1\OneDrive\Documents\ONEDRIVE\Attachments\Desktop\gaming_contest\backend\services\submissionService.js:34:11)
    at process.processTicksAndRejections (node:internal/process/task_queues:95:5)
    at async submitMCQ (C:\Users\22wh1\OneDrive\Documents\ONEDRIVE\Attachments\Desktop\gaming_contest\backend\controllers\submissionController.js:10:20)
2026-04-28 12:36:31 [error]: AppError: Already answered correctly
    at Object.submitMCQ (C:\Users\22wh1\OneDrive\Documents\ONEDRIVE\Attachments\Desktop\gaming_contest\backend\services\submissionService.js:34:11)
    at process.processTicksAndRejections (node:internal/process/task_queues:95:5)
    at async submitMCQ (C:\Users\22wh1\OneDrive\Documents\ONEDRIVE\Attachments\Desktop\gaming_contest\backend\controllers\submissionController.js:10:20)
2026-04-28 12:36:34 [info]: MCQ: user=69de4f9b6f5d79c03614359c, correct=true, score=5
2026-04-28 12:36:38 [error]: AppError: Already answered correctly
    at Object.submitMCQ (C:\Users\22wh1\OneDrive\Documents\ONEDRIVE\Attachments\Desktop\gaming_contest\backend\services\submissionService.js:34:11)
    at process.processTicksAndRejections (node:internal/process/task_queues:95:5)
    at async submitMCQ (C:\Users\22wh1\OneDrive\Documents\ONEDRIVE\Attachments\Desktop\gaming_contest\backend\controllers\submissionController.js:10:20)
2026-04-28 12:36:46 [info]: Socket connected: userId=69de4f9b6f5d79c03614359c, socketId=suAll2Wtzt87xrE-AAAB
2026-04-28 12:36:55 [info]: Socket disconnected: userId=69de4f9b6f5d79c03614359c, socketId=suAll2Wtzt87xrE-AAAB
2026-04-28 12:38:11 [info]: User logged in: abc@gmail.com
2026-04-28 12:38:17 [error]: AppError: Already answered correctly
    at Object.submitMCQ (C:\Users\22wh1\OneDrive\Documents\ONEDRIVE\Attachments\Desktop\gaming_contest\backend\services\submissionService.js:34:11)
    at process.processTicksAndRejections (node:internal/process/task_queues:95:5)
    at async submitMCQ (C:\Users\22wh1\OneDrive\Documents\ONEDRIVE\Attachments\Desktop\gaming_contest\backend\controllers\submissionController.js:10:20)
2026-04-28 12:38:20 [info]: MCQ: user=69de50ec6f5d79c03614359d, correct=true, score=5
2026-04-28 12:38:23 [error]: AppError: Already answered correctly
    at Object.submitMCQ (C:\Users\22wh1\OneDrive\Documents\ONEDRIVE\Attachments\Desktop\gaming_contest\backend\services\submissionService.js:34:11)
    at process.processTicksAndRejections (node:internal/process/task_queues:95:5)
    at async submitMCQ (C:\Users\22wh1\OneDrive\Documents\ONEDRIVE\Attachments\Desktop\gaming_contest\backend\controllers\submissionController.js:10:20)
2026-04-28 12:38:45 [info]: User logged in: kumar@gmail.com
2026-04-28 12:38:50 [error]: AppError: Already answered correctly
    at Object.submitMCQ (C:\Users\22wh1\OneDrive\Documents\ONEDRIVE\Attachments\Desktop\gaming_contest\backend\services\submissionService.js:34:11)
    at process.processTicksAndRejections (node:internal/process/task_queues:95:5)
    at async submitMCQ (C:\Users\22wh1\OneDrive\Documents\ONEDRIVE\Attachments\Desktop\gaming_contest\backend\controllers\submissionController.js:10:20)
2026-04-28 12:39:06 [error]: AppError: Already solved
    at Object.submitDebug (C:\Users\22wh1\OneDrive\Documents\ONEDRIVE\Attachments\Desktop\gaming_contest\backend\services\submissionService.js:86:11)
    at process.processTicksAndRejections (node:internal/process/task_queues:95:5)
    at async submitDebug (C:\Users\22wh1\OneDrive\Documents\ONEDRIVE\Attachments\Desktop\gaming_contest\backend\controllers\submissionController.js:37:20)
2026-04-28 12:40:25 [info]: User logged in: abc@gmail.com
2026-04-28 12:40:29 [error]: AppError: Already answered correctly
    at Object.submitMCQ (C:\Users\22wh1\OneDrive\Documents\ONEDRIVE\Attachments\Desktop\gaming_contest\backend\services\submissionService.js:34:11)
    at process.processTicksAndRejections (node:internal/process/task_queues:95:5)
    at async submitMCQ (C:\Users\22wh1\OneDrive\Documents\ONEDRIVE\Attachments\Desktop\gaming_contest\backend\controllers\submissionController.js:10:20)
2026-04-28 12:40:33 [info]: MCQ: user=69de50ec6f5d79c03614359d, correct=true, score=5
2026-04-28 12:40:37 [error]: AppError: Already answered correctly
    at Object.submitMCQ (C:\Users\22wh1\OneDrive\Documents\ONEDRIVE\Attachments\Desktop\gaming_contest\backend\services\submissionService.js:34:11)
    at process.processTicksAndRejections (node:internal/process/task_queues:95:5)
    at async submitMCQ (C:\Users\22wh1\OneDrive\Documents\ONEDRIVE\Attachments\Desktop\gaming_contest\backend\controllers\submissionController.js:10:20)
2026-04-28 12:41:20 [error]: AppError: Already answered correctly
    at Object.submitMCQ (C:\Users\22wh1\OneDrive\Documents\ONEDRIVE\Attachments\Desktop\gaming_contest\backend\services\submissionService.js:34:11)
    at process.processTicksAndRejections (node:internal/process/task_queues:95:5)
    at async submitMCQ (C:\Users\22wh1\OneDrive\Documents\ONEDRIVE\Attachments\Desktop\gaming_contest\backend\controllers\submissionController.js:10:20)
2026-04-28 12:41:39 [info]: MCQ: user=69de50ec6f5d79c03614359d, correct=true, score=5
2026-04-28 12:42:12 [info]: Socket connected: userId=69de50ec6f5d79c03614359d, socketId=2FYVlH2Jum4V9m_cAAAD
2026-04-28 12:42:19 [info]: Socket disconnected: userId=69de50ec6f5d79c03614359d, socketId=2FYVlH2Jum4V9m_cAAAD
2026-04-28 12:42:21 [info]: Socket connected: userId=69de50ec6f5d79c03614359d, socketId=kjAHs1vO-tYUtlMfAAAF
2026-04-28 12:42:23 [info]: Socket disconnected: userId=69de50ec6f5d79c03614359d, socketId=kjAHs1vO-tYUtlMfAAAF
2026-04-28 12:42:36 [info]: User logged in: bulli@gmail.com
2026-04-28 12:42:41 [info]: Socket connected: userId=69dfa57c863fe8ac681c3120, socketId=fn9w7LC6AQtKnlZeAAAH
2026-04-28 12:42:43 [info]: Socket disconnected: userId=69dfa57c863fe8ac681c3120, socketId=fn9w7LC6AQtKnlZeAAAH
2026-04-28 12:47:05 [info]: New user registered: pqr@gmail.com
2026-04-28 12:47:16 [info]: User logged in: pqr@gmail.com
2026-04-28 12:47:31 [info]: MCQ: user=69f05ef1174dc5bc96098827, correct=true, score=5
2026-04-28 12:47:37 [info]: MCQ: user=69f05ef1174dc5bc96098827, correct=false, score=-1
2026-04-28 12:47:41 [info]: MCQ: user=69f05ef1174dc5bc96098827, correct=true, score=5
2026-04-28 12:47:41 [info]: Qualification check for user 69f05ef1174dc5bc96098827 after phase 1: score=9, rank=7/7, threshold=10, cutoffRank=1, qualified=false
2026-04-28 12:47:41 [info]: User 69f05ef1174dc5bc96098827 eliminated after phase 1
2026-04-28 12:47:41 [info]: Phase 1 completed → Qualified=false
2026-04-28 12:47:56 [info]: Socket connected: userId=69f05ef1174dc5bc96098827, socketId=fRYmzvBwWN754pfxAAAK
2026-04-28 12:48:19 [info]: Socket disconnected: userId=69f05ef1174dc5bc96098827, socketId=fRYmzvBwWN754pfxAAAK
2026-04-28 12:48:53 [info]: New user registered: mno@gmail.com
2026-04-28 12:49:09 [info]: User logged in: mno@gmail.com
2026-04-28 12:49:14 [info]: MCQ: user=69f05f5d174dc5bc9609882b, correct=true, score=5
2026-04-28 12:49:17 [info]: MCQ: user=69f05f5d174dc5bc9609882b, correct=true, score=5
2026-04-28 12:49:21 [info]: MCQ: user=69f05f5d174dc5bc9609882b, correct=true, score=5
2026-04-28 12:49:21 [info]: Qualification check for user 69f05f5d174dc5bc9609882b after phase 1: score=15, rank=6/8, threshold=10, cutoffRank=1, qualified=true
2026-04-28 12:49:21 [info]: User 69f05f5d174dc5bc9609882b qualified for phase 2, password generated
2026-04-28 12:49:21 [info]: Phase 1 completed → Qualified=true
2026-04-28 12:51:46 [info]: User 69f05f5d174dc5bc9609882b unlocked phase 2
2026-04-28 12:51:52 [info]: Socket connected: userId=69f05f5d174dc5bc9609882b, socketId=dQEHd06Lf4XaLVucAAAM
2026-04-28 12:51:56 [info]: Socket disconnected: userId=69f05f5d174dc5bc9609882b, socketId=dQEHd06Lf4XaLVucAAAM
2026-04-28 12:52:40 [error]: Error: Phase 2 is already unlocked
    at Object.validateAndUnlockPhase (C:\Users\22wh1\OneDrive\Documents\ONEDRIVE\Attachments\Desktop\gaming_contest\backend\services\phaseService.js:26:19)
    at process.processTicksAndRejections (node:internal/process/task_queues:95:5)
    at async unlockPhase (C:\Users\22wh1\OneDrive\Documents\ONEDRIVE\Attachments\Desktop\gaming_contest\backend\controllers\phaseController.js:9:20)
2026-04-28 12:52:45 [error]: Error: Phase 2 is already unlocked
    at Object.validateAndUnlockPhase (C:\Users\22wh1\OneDrive\Documents\ONEDRIVE\Attachments\Desktop\gaming_contest\backend\services\phaseService.js:26:19)
    at process.processTicksAndRejections (node:internal/process/task_queues:95:5)
    at async unlockPhase (C:\Users\22wh1\OneDrive\Documents\ONEDRIVE\Attachments\Desktop\gaming_contest\backend\controllers\phaseController.js:9:20)
2026-04-28 12:52:53 [error]: Error: Phase 2 is already unlocked
    at Object.validateAndUnlockPhase (C:\Users\22wh1\OneDrive\Documents\ONEDRIVE\Attachments\Desktop\gaming_contest\backend\services\phaseService.js:26:19)
    at process.processTicksAndRejections (node:internal/process/task_queues:95:5)
    at async unlockPhase (C:\Users\22wh1\OneDrive\Documents\ONEDRIVE\Attachments\Desktop\gaming_contest\backend\controllers\phaseController.js:9:20)
2026-04-28 12:57:19 [info]: DEBUG: user=69f05f5d174dc5bc9609882b, correct=false, score=-2
2026-04-28 12:57:36 [info]: DEBUG: user=69f05f5d174dc5bc9609882b, correct=true, score=15
2026-04-28 12:58:30 [info]: DEBUG: user=69f05f5d174dc5bc9609882b, correct=false, score=-2
2026-04-28 12:58:48 [info]: DEBUG: user=69f05f5d174dc5bc9609882b, correct=true, score=20
2026-04-28 12:59:49 [info]: DEBUG: user=69f05f5d174dc5bc9609882b, correct=true, score=15
2026-04-28 13:00:14 [info]: DEBUG: user=69f05f5d174dc5bc9609882b, correct=false, score=-2
2026-04-28 13:00:36 [error]: AppError: Already solved
    at Object.submitDebug (C:\Users\22wh1\OneDrive\Documents\ONEDRIVE\Attachments\Desktop\gaming_contest\backend\services\submissionService.js:86:11)
    at process.processTicksAndRejections (node:internal/process/task_queues:95:5)
    at async submitDebug (C:\Users\22wh1\OneDrive\Documents\ONEDRIVE\Attachments\Desktop\gaming_contest\backend\controllers\submissionController.js:37:20)
2026-04-28 13:00:45 [info]: Socket connected: userId=69f05f5d174dc5bc9609882b, socketId=tbw2y--ulpSZijVEAAAO
2026-04-28 13:00:48 [info]: Socket disconnected: userId=69f05f5d174dc5bc9609882b, socketId=tbw2y--ulpSZijVEAAAO
2026-05-04 19:33:39 [info]: Socket.IO initialized
2026-05-04 19:33:39 [info]: 🚀 Server running on port 5000
2026-05-04 19:33:39 [info]: MongoDB connected: localhost
2026-05-04 19:35:25 [info]: User logged in: kumar@gmail.com
2026-05-04 19:35:36 [error]: AppError: Already answered correctly
    at Object.submitMCQ (C:\Users\22wh1\OneDrive\Documents\ONEDRIVE\Attachments\Desktop\gaming_contest\backend\services\submissionService.js:34:11)
    at process.processTicksAndRejections (node:internal/process/task_queues:95:5)
    at async submitMCQ (C:\Users\22wh1\OneDrive\Documents\ONEDRIVE\Attachments\Desktop\gaming_contest\backend\controllers\submissionController.js:10:20)
2026-05-04 19:35:39 [error]: AppError: Already answered correctly
    at Object.submitMCQ (C:\Users\22wh1\OneDrive\Documents\ONEDRIVE\Attachments\Desktop\gaming_contest\backend\services\submissionService.js:34:11)
    at process.processTicksAndRejections (node:internal/process/task_queues:95:5)
    at async submitMCQ (C:\Users\22wh1\OneDrive\Documents\ONEDRIVE\Attachments\Desktop\gaming_contest\backend\controllers\submissionController.js:10:20)
2026-05-04 19:35:43 [info]: MCQ: user=69dfbaafa28a4511b099f945, correct=true, score=5
2026-05-04 19:36:36 [error]: Error: Invalid email or password
    at Object.login (C:\Users\22wh1\OneDrive\Documents\ONEDRIVE\Attachments\Desktop\gaming_contest\backend\services\authService.js:52:19)
    at process.processTicksAndRejections (node:internal/process/task_queues:95:5)
    at async login (C:\Users\22wh1\OneDrive\Documents\ONEDRIVE\Attachments\Desktop\gaming_contest\backend\controllers\authController.js:17:20)
2026-05-04 19:37:08 [info]: New user registered: user@gmail.com
2026-05-04 19:37:21 [info]: User logged in: user@gmail.com
2026-05-04 19:37:32 [info]: MCQ: user=69f8a80c9b0d0007782ae707, correct=true, score=5
2026-05-04 19:37:35 [info]: MCQ: user=69f8a80c9b0d0007782ae707, correct=true, score=5
2026-05-04 19:37:38 [info]: MCQ: user=69f8a80c9b0d0007782ae707, correct=true, score=5
2026-05-04 19:37:38 [info]: Qualification check for user 69f8a80c9b0d0007782ae707 after phase 1: score=15, rank=7/9, threshold=10, cutoffRank=1, qualified=true
2026-05-04 19:37:38 [info]: User 69f8a80c9b0d0007782ae707 qualified for phase 2, password generated
2026-05-04 19:37:38 [info]: Phase 1 completed → Qualified=true
2026-05-04 19:38:34 [info]: User 69f8a80c9b0d0007782ae707 unlocked phase 2
2026-05-04 19:39:18 [error]: Error: Phase 2 is already unlocked
    at Object.validateAndUnlockPhase (C:\Users\22wh1\OneDrive\Documents\ONEDRIVE\Attachments\Desktop\gaming_contest\backend\services\phaseService.js:26:19)
    at process.processTicksAndRejections (node:internal/process/task_queues:95:5)
    at async unlockPhase (C:\Users\22wh1\OneDrive\Documents\ONEDRIVE\Attachments\Desktop\gaming_contest\backend\controllers\phaseController.js:9:20)
2026-05-04 19:39:28 [info]: Socket connected: userId=69f8a80c9b0d0007782ae707, socketId=elVA3dzJ0BNyc7-gAAAB
2026-05-04 19:39:33 [info]: Socket disconnected: userId=69f8a80c9b0d0007782ae707, socketId=elVA3dzJ0BNyc7-gAAAB
2026-05-04 19:41:29 [info]: Socket.IO initialized
2026-05-04 19:41:29 [info]: 🚀 Server running on port 5000
2026-05-04 19:41:29 [info]: MongoDB connected: localhost
2026-05-04 19:42:37 [info]: Socket.IO initialized
2026-05-04 19:42:37 [info]: 🚀 Server running on port 5000
2026-05-04 19:42:37 [info]: MongoDB connected: localhost
2026-05-04 19:43:45 [info]: User logged in: user@gmail.com
2026-05-04 19:44:03 [info]: DEBUG: user=69f8a80c9b0d0007782ae707, correct=false, score=-1
2026-05-04 19:44:18 [info]: DEBUG: user=69f8a80c9b0d0007782ae707, correct=true, score=15
2026-05-04 19:44:32 [info]: DEBUG: user=69f8a80c9b0d0007782ae707, correct=true, score=15
2026-05-04 19:44:56 [info]: DEBUG: user=69f8a80c9b0d0007782ae707, correct=true, score=20
2026-05-04 19:47:13 [info]: DEBUG: user=69f8a80c9b0d0007782ae707, correct=true, score=15
2026-05-04 19:47:13 [info]: Qualification check for user 69f8a80c9b0d0007782ae707 after phase 2: score=79, rank=2/9, threshold=10, cutoffRank=2, qualified=true
2026-05-04 19:47:13 [info]: User 69f8a80c9b0d0007782ae707 qualified for phase 3, password generated
2026-05-04 19:47:13 [info]: Phase 2 completed → Qualified=true
2026-05-04 19:48:05 [info]: User 69f8a80c9b0d0007782ae707 unlocked phase 3
2026-05-04 19:55:00 [info]: CODE: user=69f8a80c9b0d0007782ae707, status=wrong, score=0
2026-05-04 19:56:20 [info]: CODE: user=69f8a80c9b0d0007782ae707, status=wrong, score=0
2026-05-04 19:57:43 [info]: CODE: user=69f8a80c9b0d0007782ae707, status=wrong, score=0
2026-05-04 20:03:36 [info]: CODE: user=69f8a80c9b0d0007782ae707, status=correct, score=20
2026-05-04 20:03:53 [info]: CODE: user=69f8a80c9b0d0007782ae707, status=wrong, score=-2
2026-05-04 20:04:38 [info]: CODE: user=69f8a80c9b0d0007782ae707, status=correct, score=20
2026-05-04 20:04:49 [info]: Socket connected: userId=69f8a80c9b0d0007782ae707, socketId=6ya0VRYG0r5qQfRnAAAB
2026-05-04 20:04:56 [info]: Socket disconnected: userId=69f8a80c9b0d0007782ae707, socketId=6ya0VRYG0r5qQfRnAAAB
2026-05-05 19:17:11 [info]: Socket.IO initialized
2026-05-05 19:17:11 [info]: 🚀 Server running on port 5000
2026-05-05 19:17:11 [info]: MongoDB connected: localhost
2026-05-05 19:19:15 [info]: New user registered: demo@gmail.com
2026-05-05 19:19:28 [info]: User logged in: demo@gmail.com
2026-05-05 19:19:34 [info]: MCQ: user=69f9f55be66ae58f66fef5f4, correct=true, score=5
2026-05-05 19:19:39 [info]: MCQ: user=69f9f55be66ae58f66fef5f4, correct=true, score=5
2026-05-05 19:19:42 [info]: MCQ: user=69f9f55be66ae58f66fef5f4, correct=true, score=5
2026-05-05 19:19:42 [info]: Qualification check for user 69f9f55be66ae58f66fef5f4 after phase 1: score=15, rank=8/10, threshold=10, cutoffRank=1, qualified=true
2026-05-05 19:19:42 [info]: User 69f9f55be66ae58f66fef5f4 qualified for phase 2, password generated
2026-05-05 19:19:42 [info]: Phase 1 completed → Qualified=true
2026-05-05 19:20:09 [info]: Socket connected: userId=69f9f55be66ae58f66fef5f4, socketId=bT6oZnIw1C2EXWZYAAAB
2026-05-05 19:20:28 [info]: Socket disconnected: userId=69f9f55be66ae58f66fef5f4, socketId=bT6oZnIw1C2EXWZYAAAB
2026-05-05 19:20:32 [error]: AppError: Already answered correctly
    at Object.submitMCQ (C:\Users\22wh1\OneDrive\Documents\ONEDRIVE\Attachments\Desktop\gaming_contest\backend\services\submissionService.js:34:11)
    at process.processTicksAndRejections (node:internal/process/task_queues:95:5)
    at async submitMCQ (C:\Users\22wh1\OneDrive\Documents\ONEDRIVE\Attachments\Desktop\gaming_contest\backend\controllers\submissionController.js:10:20)
2026-05-05 19:20:36 [error]: AppError: Already answered correctly
    at Object.submitMCQ (C:\Users\22wh1\OneDrive\Documents\ONEDRIVE\Attachments\Desktop\gaming_contest\backend\services\submissionService.js:34:11)
    at process.processTicksAndRejections (node:internal/process/task_queues:95:5)
    at async submitMCQ (C:\Users\22wh1\OneDrive\Documents\ONEDRIVE\Attachments\Desktop\gaming_contest\backend\controllers\submissionController.js:10:20)
2026-05-05 19:20:40 [error]: AppError: Already answered correctly
    at Object.submitMCQ (C:\Users\22wh1\OneDrive\Documents\ONEDRIVE\Attachments\Desktop\gaming_contest\backend\services\submissionService.js:34:11)
    at process.processTicksAndRejections (node:internal/process/task_queues:95:5)
    at async submitMCQ (C:\Users\22wh1\OneDrive\Documents\ONEDRIVE\Attachments\Desktop\gaming_contest\backend\controllers\submissionController.js:10:20)
2026-05-05 19:21:00 [info]: Socket connected: userId=69f9f55be66ae58f66fef5f4, socketId=rNtaD89Zm5F0E_FvAAAD
2026-05-05 19:21:02 [info]: Socket disconnected: userId=69f9f55be66ae58f66fef5f4, socketId=rNtaD89Zm5F0E_FvAAAD
2026-05-05 19:21:59 [info]: New user registered: demo1@gmail.com
2026-05-05 19:22:15 [info]: User logged in: demo1@gmail.com
2026-05-05 19:22:19 [info]: MCQ: user=69f9f5ffe66ae58f66fef5f8, correct=true, score=5
2026-05-05 19:22:22 [info]: MCQ: user=69f9f5ffe66ae58f66fef5f8, correct=true, score=5
2026-05-05 19:22:25 [info]: MCQ: user=69f9f5ffe66ae58f66fef5f8, correct=true, score=5
2026-05-05 19:22:25 [info]: Qualification check for user 69f9f5ffe66ae58f66fef5f8 after phase 1: score=15, rank=8/11, threshold=10, cutoffRank=1, qualified=true
2026-05-05 19:22:25 [info]: User 69f9f5ffe66ae58f66fef5f8 qualified for phase 2, password generated
2026-05-05 19:22:25 [info]: Phase 1 completed → Qualified=true
2026-05-05 19:23:27 [info]: New user registered: demo2@gmail.com
2026-05-05 19:23:42 [info]: User logged in: demo2@gmail.com
2026-05-05 19:23:47 [info]: MCQ: user=69f9f657e66ae58f66fef5fc, correct=true, score=5
2026-05-05 19:23:51 [info]: MCQ: user=69f9f657e66ae58f66fef5fc, correct=true, score=5
2026-05-05 19:23:55 [info]: MCQ: user=69f9f657e66ae58f66fef5fc, correct=true, score=5
2026-05-05 19:23:55 [info]: Qualification check for user 69f9f657e66ae58f66fef5fc after phase 1: score=15, rank=8/12, threshold=10, cutoffRank=1, qualified=true
2026-05-05 19:23:55 [info]: User 69f9f657e66ae58f66fef5fc qualified for phase 2, password generated
2026-05-05 19:23:55 [info]: Phase 1 completed → Qualified=true
2026-05-05 19:24:40 [info]: User 69f9f657e66ae58f66fef5fc unlocked phase 2
2026-05-05 19:25:07 [info]: DEBUG: user=69f9f657e66ae58f66fef5fc, correct=false, score=-1
2026-05-05 19:25:22 [info]: DEBUG: user=69f9f657e66ae58f66fef5fc, correct=true, score=15
2026-05-05 19:25:34 [info]: DEBUG: user=69f9f657e66ae58f66fef5fc, correct=true, score=15
2026-05-05 19:25:49 [info]: DEBUG: user=69f9f657e66ae58f66fef5fc, correct=false, score=-2
2026-05-05 19:26:05 [info]: DEBUG: user=69f9f657e66ae58f66fef5fc, correct=true, score=20
2026-05-05 19:26:05 [info]: Qualification check for user 69f9f657e66ae58f66fef5fc after phase 2: score=62, rank=5/12, threshold=10, cutoffRank=3, qualified=true
2026-05-05 19:26:05 [info]: User 69f9f657e66ae58f66fef5fc qualified for phase 3, password generated
2026-05-05 19:26:05 [info]: Phase 2 completed → Qualified=true
2026-05-05 19:27:00 [info]: User 69f9f657e66ae58f66fef5fc unlocked phase 3
2026-05-05 19:28:25 [info]: CODE: user=69f9f657e66ae58f66fef5fc, status=wrong, score=0
2026-05-05 19:29:00 [info]: CODE: user=69f9f657e66ae58f66fef5fc, status=wrong, score=0
2026-05-05 19:29:38 [info]: CODE: user=69f9f657e66ae58f66fef5fc, status=wrong, score=0
2026-05-05 19:30:04 [info]: Socket connected: userId=69f9f657e66ae58f66fef5fc, socketId=xremeh62_W1lYxG_AAAF
2026-05-05 19:30:11 [info]: Socket disconnected: userId=69f9f657e66ae58f66fef5fc, socketId=xremeh62_W1lYxG_AAAF
2026-05-05 19:35:40 [info]: CODE: user=69f9f657e66ae58f66fef5fc, status=correct, score=20
2026-05-05 19:36:06 [info]: Socket.IO initialized
2026-05-05 19:36:06 [info]: 🚀 Server running on port 5000
2026-05-05 19:36:07 [info]: MongoDB connected: localhost
2026-05-05 19:40:02 [info]: CODE: user=69f9f657e66ae58f66fef5fc, status=wrong, score=-2
2026-05-08 22:33:44 [info]: Socket.IO initialized
2026-05-08 22:33:44 [info]: 🚀 Server running on port 5000
2026-05-08 22:33:45 [info]: MongoDB connected: localhost
2026-05-08 22:35:06 [error]: Error: Invalid email or password
    at Object.login (C:\Users\22wh1\OneDrive\Documents\ONEDRIVE\Attachments\Desktop\gaming_contest\backend\services\authService.js:59:19)
    at async login (C:\Users\22wh1\OneDrive\Documents\ONEDRIVE\Attachments\Desktop\gaming_contest\backend\controllers\authController.js:17:20)
2026-05-08 22:35:17 [info]: User logged in: demo@gmail.com
2026-05-08 22:39:45 [info]: Socket.IO initialized
2026-05-08 22:39:45 [info]: 🚀 Server running on port 5000
2026-05-08 22:39:45 [info]: MongoDB connected: localhost
2026-05-23 13:25:16 [info]: Socket.IO initialized
2026-05-23 13:25:16 [info]: 🚀 Server running on port 5000
2026-05-23 13:25:16 [info]: MongoDB connected: localhost
2026-05-23 13:26:01 [info]: User logged in: kumar@gmail.com
2026-05-23 13:27:01 [error]: AppError: No test cases available for this question
    at runDebugCode (C:\Users\22wh1\OneDrive\Documents\ONEDRIVE\Attachments\Desktop\gaming_contest\backend\controllers\submissionController.js:45:13)
    at process.processTicksAndRejections (node:internal/process/task_queues:104:5)
2026-05-23 13:27:27 [info]: Socket connected: userId=69dfbaafa28a4511b099f945, socketId=BBIhvs2Si0n40Jt9AAAB
2026-05-23 13:27:30 [info]: Socket disconnected: userId=69dfbaafa28a4511b099f945, socketId=BBIhvs2Si0n40Jt9AAAB
2026-05-23 13:32:13 [info]: Socket.IO initialized
2026-05-23 13:32:13 [info]: 🚀 Server running on port 5000
2026-05-23 13:32:13 [info]: MongoDB connected: localhost
2026-05-23 14:40:01 [info]: Socket.IO initialized
2026-05-23 14:40:01 [info]: 🚀 Server running on port 5000
2026-05-23 14:40:01 [info]: MongoDB connected: localhost
2026-05-23 14:41:37 [info]: DEBUG: user=69dfbaafa28a4511b099f945, status=correct, score=20
2026-05-23 14:42:04 [info]: DEBUG: user=69dfbaafa28a4511b099f945, status=correct, score=25
2026-05-23 14:45:27 [info]: User logged in: sivani@gmail.com
2026-05-23 14:45:34 [error]: AppError: Already answered correctly
    at Object.submitMCQ (C:\Users\22wh1\OneDrive\Documents\ONEDRIVE\Attachments\Desktop\gaming_contest\backend\services\submissionService.js:34:11)
    at process.processTicksAndRejections (node:internal/process/task_queues:104:5)
    at async submitMCQ (C:\Users\22wh1\OneDrive\Documents\ONEDRIVE\Attachments\Desktop\gaming_contest\backend\controllers\submissionController.js:10:20)
2026-05-23 14:45:37 [info]: MCQ: user=69de4f9b6f5d79c03614359c, correct=true, score=5
2026-05-23 14:45:37 [info]: Qualification check for user 69de4f9b6f5d79c03614359c after phase 1: score=5, rank=12/12, threshold=10, cutoffRank=1, qualified=false
2026-05-23 14:45:37 [info]: User 69de4f9b6f5d79c03614359c eliminated after phase 1
2026-05-23 14:45:37 [info]: Phase 1 completed → Qualified=false
2026-05-23 14:48:49 [info]: New user registered: niketh@gmail.com
2026-05-23 14:49:04 [info]: User logged in: niketh@gmail.com
2026-05-23 14:49:09 [info]: MCQ: user=6a1170f9d7c5789b5e7d629b, correct=true, score=5
2026-05-23 14:49:13 [info]: MCQ: user=6a1170f9d7c5789b5e7d629b, correct=true, score=5
2026-05-23 14:49:16 [info]: MCQ: user=6a1170f9d7c5789b5e7d629b, correct=true, score=5
2026-05-23 14:49:16 [info]: Qualification check for user 6a1170f9d7c5789b5e7d629b after phase 1: score=15, rank=8/13, threshold=10, cutoffRank=1, qualified=true
2026-05-23 14:49:16 [info]: User 6a1170f9d7c5789b5e7d629b qualified for phase 2, password generated
2026-05-23 14:49:16 [info]: Phase 1 completed → Qualified=true
2026-05-23 14:50:21 [error]: Error: Incorrect phase password
    at Object.validateAndUnlockPhase (C:\Users\22wh1\OneDrive\Documents\ONEDRIVE\Attachments\Desktop\gaming_contest\backend\services\phaseService.js:63:19)
    at process.processTicksAndRejections (node:internal/process/task_queues:104:5)
    at async unlockPhase (C:\Users\22wh1\OneDrive\Documents\ONEDRIVE\Attachments\Desktop\gaming_contest\backend\controllers\phaseController.js:9:20)
2026-05-23 14:50:50 [info]: User logged in: niketh@gmail.com
2026-05-23 14:51:27 [info]: User 6a1170f9d7c5789b5e7d629b unlocked phase 2
2026-05-23 14:51:50 [info]: DEBUG: user=6a1170f9d7c5789b5e7d629b, status=correct, score=20
2026-05-23 14:52:21 [info]: DEBUG: user=6a1170f9d7c5789b5e7d629b, status=partial, score=12
2026-05-23 14:52:21 [info]: Qualification check for user 6a1170f9d7c5789b5e7d629b after phase 2: score=47, rank=7/13, threshold=10, cutoffRank=3, qualified=true
2026-05-23 14:52:21 [info]: User 6a1170f9d7c5789b5e7d629b qualified for phase 3, password generated
2026-05-23 14:52:21 [info]: Phase 2 completed → Qualified=true
2026-05-23 14:53:23 [info]: User 6a1170f9d7c5789b5e7d629b unlocked phase 3
2026-05-23 14:55:17 [info]: CODE: user=6a1170f9d7c5789b5e7d629b, status=wrong, score=0
2026-05-23 14:55:40 [info]: CODE: user=6a1170f9d7c5789b5e7d629b, status=wrong, score=0
2026-05-23 14:56:23 [info]: CODE: user=6a1170f9d7c5789b5e7d629b, status=wrong, score=0
2026-05-23 14:56:33 [info]: Socket connected: userId=6a1170f9d7c5789b5e7d629b, socketId=h81eEs-UVMCNJy37AAAB
2026-05-23 14:56:43 [info]: Socket disconnected: userId=6a1170f9d7c5789b5e7d629b, socketId=h81eEs-UVMCNJy37AAAB
2026-05-24 11:25:38 [info]: Socket.IO initialized
2026-05-24 11:25:38 [info]: 🚀 Server running on port 5000
2026-05-24 11:25:38 [info]: MongoDB connected: localhost
2026-05-24 11:26:11 [info]: User logged in: niketh@gmail.com
2026-05-24 11:28:07 [info]: CODE: user=6a1170f9d7c5789b5e7d629b, status=wrong, score=-2
