2026-04-14 20:05:49 [error]: Error: Email already registered
    at Object.register (C:\Users\22wh1\OneDrive\Documents\ONEDRIVE\Attachments\Desktop\gaming_contest\backend\services\authService.js:17:19)
    at process.processTicksAndRejections (node:internal/process/task_queues:95:5)
    at async register (C:\Users\22wh1\OneDrive\Documents\ONEDRIVE\Attachments\Desktop\gaming_contest\backend\controllers\authController.js:7:20)
2026-04-14 20:08:20 [error]: SyntaxError: Expected double-quoted property name in JSON at position 53 (line 6 column 1)
    at JSON.parse (<anonymous>)
    at parse (C:\Users\22wh1\OneDrive\Documents\ONEDRIVE\Attachments\Desktop\gaming_contest\backend\node_modules\body-parser\lib\types\json.js:72:19)
    at C:\Users\22wh1\OneDrive\Documents\ONEDRIVE\Attachments\Desktop\gaming_contest\backend\node_modules\body-parser\lib\read.js:162:18
    at AsyncResource.runInAsyncScope (node:async_hooks:206:9)
    at invokeCallback (C:\Users\22wh1\OneDrive\Documents\ONEDRIVE\Attachments\Desktop\gaming_contest\backend\node_modules\raw-body\index.js:238:16)
    at done (C:\Users\22wh1\OneDrive\Documents\ONEDRIVE\Attachments\Desktop\gaming_contest\backend\node_modules\raw-body\index.js:227:7)
    at IncomingMessage.onEnd (C:\Users\22wh1\OneDrive\Documents\ONEDRIVE\Attachments\Desktop\gaming_contest\backend\node_modules\raw-body\index.js:287:7)
    at IncomingMessage.emit (node:events:519:28)
    at endReadableNT (node:internal/streams/readable:1696:12)
    at process.processTicksAndRejections (node:internal/process/task_queues:82:21)
2026-04-14 20:11:32 [error]: Auth middleware error: jwt malformed
2026-04-14 21:17:59 [error]: CastError: Cast to ObjectId failed for value "2 + 2 = ?" (type string) at path "_id" for model "Question"
    at SchemaObjectId.cast (C:\Users\22wh1\OneDrive\Documents\ONEDRIVE\Attachments\Desktop\gaming_contest\backend\node_modules\mongoose\lib\schema\objectId.js:252:11)
    at SchemaType.applySetters (C:\Users\22wh1\OneDrive\Documents\ONEDRIVE\Attachments\Desktop\gaming_contest\backend\node_modules\mongoose\lib\schemaType.js:1320:12)
    at SchemaType.castForQuery (C:\Users\22wh1\OneDrive\Documents\ONEDRIVE\Attachments\Desktop\gaming_contest\backend\node_modules\mongoose\lib\schemaType.js:1746:17)
    at cast (C:\Users\22wh1\OneDrive\Documents\ONEDRIVE\Attachments\Desktop\gaming_contest\backend\node_modules\mongoose\lib\cast.js:386:32)
    at Query.cast (C:\Users\22wh1\OneDrive\Documents\ONEDRIVE\Attachments\Desktop\gaming_contest\backend\node_modules\mongoose\lib\query.js:5127:12)
    at Query._castConditions (C:\Users\22wh1\OneDrive\Documents\ONEDRIVE\Attachments\Desktop\gaming_contest\backend\node_modules\mongoose\lib\query.js:2376:10)
    at model.Query._findOne (C:\Users\22wh1\OneDrive\Documents\ONEDRIVE\Attachments\Desktop\gaming_contest\backend\node_modules\mongoose\lib\query.js:2716:8)
    at model.Query.exec (C:\Users\22wh1\OneDrive\Documents\ONEDRIVE\Attachments\Desktop\gaming_contest\backend\node_modules\mongoose\lib\query.js:4726:80)
    at process.processTicksAndRejections (node:internal/process/task_queues:95:5)
    at async Object.submitMCQ (C:\Users\22wh1\OneDrive\Documents\ONEDRIVE\Attachments\Desktop\gaming_contest\backend\services\submissionService.js:31:20)
2026-04-14 21:20:12 [error]: Error: You have already answered this question correctly
    at Object.submitMCQ (C:\Users\22wh1\OneDrive\Documents\ONEDRIVE\Attachments\Desktop\gaming_contest\backend\services\submissionService.js:40:19)
    at process.processTicksAndRejections (node:internal/process/task_queues:95:5)
    at async submitMCQ (C:\Users\22wh1\OneDrive\Documents\ONEDRIVE\Attachments\Desktop\gaming_contest\backend\controllers\submissionController.js:10:20)
2026-04-14 21:20:58 [error]: Error: You have already answered this question correctly
    at Object.submitMCQ (C:\Users\22wh1\OneDrive\Documents\ONEDRIVE\Attachments\Desktop\gaming_contest\backend\services\submissionService.js:40:19)
    at process.processTicksAndRejections (node:internal/process/task_queues:95:5)
    at async submitMCQ (C:\Users\22wh1\OneDrive\Documents\ONEDRIVE\Attachments\Desktop\gaming_contest\backend\controllers\submissionController.js:10:20)
2026-04-14 21:21:34 [error]: Error: MCQ question not found
    at Object.submitMCQ (C:\Users\22wh1\OneDrive\Documents\ONEDRIVE\Attachments\Desktop\gaming_contest\backend\services\submissionService.js:33:19)
    at process.processTicksAndRejections (node:internal/process/task_queues:95:5)
    at async submitMCQ (C:\Users\22wh1\OneDrive\Documents\ONEDRIVE\Attachments\Desktop\gaming_contest\backend\controllers\submissionController.js:10:20)
2026-04-14 21:53:14 [error]: Auth middleware error: jwt malformed
2026-04-15 19:59:19 [error]: Error: You have already answered this question correctly
    at Object.submitMCQ (C:\Users\22wh1\OneDrive\Documents\ONEDRIVE\Attachments\Desktop\gaming_contest\backend\services\submissionService.js:40:19)
    at process.processTicksAndRejections (node:internal/process/task_queues:95:5)
    at async submitMCQ (C:\Users\22wh1\OneDrive\Documents\ONEDRIVE\Attachments\Desktop\gaming_contest\backend\controllers\submissionController.js:10:20)
2026-04-15 20:00:09 [error]: CastError: Cast to ObjectId failed for value "69de533e1efd4b33696bf81" (type string) at path "_id" for model "Question"
    at SchemaObjectId.cast (C:\Users\22wh1\OneDrive\Documents\ONEDRIVE\Attachments\Desktop\gaming_contest\backend\node_modules\mongoose\lib\schema\objectId.js:252:11)
    at SchemaType.applySetters (C:\Users\22wh1\OneDrive\Documents\ONEDRIVE\Attachments\Desktop\gaming_contest\backend\node_modules\mongoose\lib\schemaType.js:1320:12)
    at SchemaType.castForQuery (C:\Users\22wh1\OneDrive\Documents\ONEDRIVE\Attachments\Desktop\gaming_contest\backend\node_modules\mongoose\lib\schemaType.js:1746:17)
    at cast (C:\Users\22wh1\OneDrive\Documents\ONEDRIVE\Attachments\Desktop\gaming_contest\backend\node_modules\mongoose\lib\cast.js:386:32)
    at Query.cast (C:\Users\22wh1\OneDrive\Documents\ONEDRIVE\Attachments\Desktop\gaming_contest\backend\node_modules\mongoose\lib\query.js:5127:12)
    at Query._castConditions (C:\Users\22wh1\OneDrive\Documents\ONEDRIVE\Attachments\Desktop\gaming_contest\backend\node_modules\mongoose\lib\query.js:2376:10)
    at model.Query._findOne (C:\Users\22wh1\OneDrive\Documents\ONEDRIVE\Attachments\Desktop\gaming_contest\backend\node_modules\mongoose\lib\query.js:2716:8)
    at model.Query.exec (C:\Users\22wh1\OneDrive\Documents\ONEDRIVE\Attachments\Desktop\gaming_contest\backend\node_modules\mongoose\lib\query.js:4726:80)
    at process.processTicksAndRejections (node:internal/process/task_queues:95:5)
    at async Object.submitMCQ (C:\Users\22wh1\OneDrive\Documents\ONEDRIVE\Attachments\Desktop\gaming_contest\backend\services\submissionService.js:31:20)
2026-04-15 20:03:35 [error]: Error: You have already answered this question correctly
    at Object.submitMCQ (C:\Users\22wh1\OneDrive\Documents\ONEDRIVE\Attachments\Desktop\gaming_contest\backend\services\submissionService.js:40:19)
    at process.processTicksAndRejections (node:internal/process/task_queues:95:5)
    at async submitMCQ (C:\Users\22wh1\OneDrive\Documents\ONEDRIVE\Attachments\Desktop\gaming_contest\backend\controllers\submissionController.js:10:20)
2026-04-15 20:04:38 [error]: SyntaxError: Expected ',' or '}' after property value in JSON at position 24 (line 3 column 3)
    at JSON.parse (<anonymous>)
    at parse (C:\Users\22wh1\OneDrive\Documents\ONEDRIVE\Attachments\Desktop\gaming_contest\backend\node_modules\body-parser\lib\types\json.js:72:19)
    at C:\Users\22wh1\OneDrive\Documents\ONEDRIVE\Attachments\Desktop\gaming_contest\backend\node_modules\body-parser\lib\read.js:162:18
    at AsyncResource.runInAsyncScope (node:async_hooks:206:9)
    at invokeCallback (C:\Users\22wh1\OneDrive\Documents\ONEDRIVE\Attachments\Desktop\gaming_contest\backend\node_modules\raw-body\index.js:238:16)
    at done (C:\Users\22wh1\OneDrive\Documents\ONEDRIVE\Attachments\Desktop\gaming_contest\backend\node_modules\raw-body\index.js:227:7)
    at IncomingMessage.onEnd (C:\Users\22wh1\OneDrive\Documents\ONEDRIVE\Attachments\Desktop\gaming_contest\backend\node_modules\raw-body\index.js:287:7)
    at IncomingMessage.emit (node:events:519:28)
    at endReadableNT (node:internal/streams/readable:1696:12)
    at process.processTicksAndRejections (node:internal/process/task_queues:82:21)
2026-04-15 20:20:13 [error]: Error: Email already registered
    at Object.register (C:\Users\22wh1\OneDrive\Documents\ONEDRIVE\Attachments\Desktop\gaming_contest\backend\services\authService.js:17:19)
    at process.processTicksAndRejections (node:internal/process/task_queues:95:5)
    at async register (C:\Users\22wh1\OneDrive\Documents\ONEDRIVE\Attachments\Desktop\gaming_contest\backend\controllers\authController.js:7:20)
2026-04-15 20:21:05 [error]: ReferenceError: Cannot access 'scoreDelta' before initialization
    at Object.submitMCQ (C:\Users\22wh1\OneDrive\Documents\ONEDRIVE\Attachments\Desktop\gaming_contest\backend\services\submissionService.js:60:12)
    at process.processTicksAndRejections (node:internal/process/task_queues:95:5)
    at async submitMCQ (C:\Users\22wh1\OneDrive\Documents\ONEDRIVE\Attachments\Desktop\gaming_contest\backend\controllers\submissionController.js:10:20)
2026-04-15 22:12:39 [error]: Judge0 error for test case: Request failed with status code 403
2026-04-15 22:12:40 [error]: Judge0 error for test case: Request failed with status code 429
2026-04-15 22:14:55 [error]: Judge0 error for test case: Request failed with status code 403
2026-04-15 22:14:55 [error]: Judge0 error for test case: Request failed with status code 429
2026-04-15 22:16:14 [error]: Judge0 error for test case: Request failed with status code 403
2026-04-15 22:16:14 [error]: Judge0 error for test case: Request failed with status code 429
2026-04-15 22:16:52 [error]: Judge0 error for test case: Request failed with status code 403
2026-04-15 22:16:52 [error]: Judge0 error for test case: Request failed with status code 429
2026-04-15 22:17:05 [error]: Judge0 error for test case: Request failed with status code 403
2026-04-15 22:17:05 [error]: Judge0 error for test case: Request failed with status code 429
2026-04-15 22:17:32 [error]: Judge0 error for test case: Request failed with status code 403
2026-04-15 22:17:32 [error]: Judge0 error for test case: Request failed with status code 429
2026-04-15 22:17:56 [error]: Judge0 error for test case: Request failed with status code 403
2026-04-15 22:17:57 [error]: Judge0 error for test case: Request failed with status code 429
2026-04-16 22:14:46 [error]: Auth middleware error: invalid signature
2026-04-16 22:15:08 [error]: Auth middleware error: invalid signature
2026-04-17 21:07:57 [error]: Error: Already answered correctly
    at Object.submitMCQ (C:\Users\22wh1\OneDrive\Documents\ONEDRIVE\Attachments\Desktop\gaming_contest\backend\services\submissionService.js:33:11)
    at process.processTicksAndRejections (node:internal/process/task_queues:95:5)
    at async submitMCQ (C:\Users\22wh1\OneDrive\Documents\ONEDRIVE\Attachments\Desktop\gaming_contest\backend\controllers\submissionController.js:10:20)
2026-04-17 21:07:58 [error]: Error: Already answered correctly
    at Object.submitMCQ (C:\Users\22wh1\OneDrive\Documents\ONEDRIVE\Attachments\Desktop\gaming_contest\backend\services\submissionService.js:33:11)
    at process.processTicksAndRejections (node:internal/process/task_queues:95:5)
    at async submitMCQ (C:\Users\22wh1\OneDrive\Documents\ONEDRIVE\Attachments\Desktop\gaming_contest\backend\controllers\submissionController.js:10:20)
2026-04-17 21:08:00 [error]: Error: Already answered correctly
    at Object.submitMCQ (C:\Users\22wh1\OneDrive\Documents\ONEDRIVE\Attachments\Desktop\gaming_contest\backend\services\submissionService.js:33:11)
    at process.processTicksAndRejections (node:internal/process/task_queues:95:5)
    at async submitMCQ (C:\Users\22wh1\OneDrive\Documents\ONEDRIVE\Attachments\Desktop\gaming_contest\backend\controllers\submissionController.js:10:20)
2026-04-17 21:08:01 [error]: Error: Already answered correctly
    at Object.submitMCQ (C:\Users\22wh1\OneDrive\Documents\ONEDRIVE\Attachments\Desktop\gaming_contest\backend\services\submissionService.js:33:11)
    at process.processTicksAndRejections (node:internal/process/task_queues:95:5)
    at async submitMCQ (C:\Users\22wh1\OneDrive\Documents\ONEDRIVE\Attachments\Desktop\gaming_contest\backend\controllers\submissionController.js:10:20)
2026-04-17 21:08:18 [error]: Error: Already answered correctly
    at Object.submitMCQ (C:\Users\22wh1\OneDrive\Documents\ONEDRIVE\Attachments\Desktop\gaming_contest\backend\services\submissionService.js:33:11)
    at process.processTicksAndRejections (node:internal/process/task_queues:95:5)
    at async submitMCQ (C:\Users\22wh1\OneDrive\Documents\ONEDRIVE\Attachments\Desktop\gaming_contest\backend\controllers\submissionController.js:10:20)
2026-04-17 21:08:21 [error]: Error: Already answered correctly
    at Object.submitMCQ (C:\Users\22wh1\OneDrive\Documents\ONEDRIVE\Attachments\Desktop\gaming_contest\backend\services\submissionService.js:33:11)
    at process.processTicksAndRejections (node:internal/process/task_queues:95:5)
    at async submitMCQ (C:\Users\22wh1\OneDrive\Documents\ONEDRIVE\Attachments\Desktop\gaming_contest\backend\controllers\submissionController.js:10:20)
2026-04-17 21:08:21 [error]: Error: Already answered correctly
    at Object.submitMCQ (C:\Users\22wh1\OneDrive\Documents\ONEDRIVE\Attachments\Desktop\gaming_contest\backend\services\submissionService.js:33:11)
    at process.processTicksAndRejections (node:internal/process/task_queues:95:5)
    at async submitMCQ (C:\Users\22wh1\OneDrive\Documents\ONEDRIVE\Attachments\Desktop\gaming_contest\backend\controllers\submissionController.js:10:20)
2026-04-17 21:08:32 [error]: Error: Already answered correctly
    at Object.submitMCQ (C:\Users\22wh1\OneDrive\Documents\ONEDRIVE\Attachments\Desktop\gaming_contest\backend\services\submissionService.js:33:11)
    at process.processTicksAndRejections (node:internal/process/task_queues:95:5)
    at async submitMCQ (C:\Users\22wh1\OneDrive\Documents\ONEDRIVE\Attachments\Desktop\gaming_contest\backend\controllers\submissionController.js:10:20)
2026-04-17 21:08:36 [error]: Error: Already answered correctly
    at Object.submitMCQ (C:\Users\22wh1\OneDrive\Documents\ONEDRIVE\Attachments\Desktop\gaming_contest\backend\services\submissionService.js:33:11)
    at process.processTicksAndRejections (node:internal/process/task_queues:95:5)
    at async submitMCQ (C:\Users\22wh1\OneDrive\Documents\ONEDRIVE\Attachments\Desktop\gaming_contest\backend\controllers\submissionController.js:10:20)
2026-04-17 21:14:58 [error]: AppError: Already answered correctly
    at Object.submitMCQ (C:\Users\22wh1\OneDrive\Documents\ONEDRIVE\Attachments\Desktop\gaming_contest\backend\services\submissionService.js:34:11)
    at process.processTicksAndRejections (node:internal/process/task_queues:95:5)
    at async submitMCQ (C:\Users\22wh1\OneDrive\Documents\ONEDRIVE\Attachments\Desktop\gaming_contest\backend\controllers\submissionController.js:10:20)
2026-04-17 21:15:08 [error]: AppError: Already answered correctly
    at Object.submitMCQ (C:\Users\22wh1\OneDrive\Documents\ONEDRIVE\Attachments\Desktop\gaming_contest\backend\services\submissionService.js:34:11)
    at process.processTicksAndRejections (node:internal/process/task_queues:95:5)
    at async submitMCQ (C:\Users\22wh1\OneDrive\Documents\ONEDRIVE\Attachments\Desktop\gaming_contest\backend\controllers\submissionController.js:10:20)
2026-04-17 21:18:02 [error]: Error: Already solved
    at Object.submitDebug (C:\Users\22wh1\OneDrive\Documents\ONEDRIVE\Attachments\Desktop\gaming_contest\backend\services\submissionService.js:86:11)
    at process.processTicksAndRejections (node:internal/process/task_queues:95:5)
    at async submitDebug (C:\Users\22wh1\OneDrive\Documents\ONEDRIVE\Attachments\Desktop\gaming_contest\backend\controllers\submissionController.js:37:20)
2026-04-17 21:18:04 [error]: Error: Already solved
    at Object.submitDebug (C:\Users\22wh1\OneDrive\Documents\ONEDRIVE\Attachments\Desktop\gaming_contest\backend\services\submissionService.js:86:11)
    at process.processTicksAndRejections (node:internal/process/task_queues:95:5)
    at async submitDebug (C:\Users\22wh1\OneDrive\Documents\ONEDRIVE\Attachments\Desktop\gaming_contest\backend\controllers\submissionController.js:37:20)
2026-04-17 21:18:10 [error]: Error: Already solved
    at Object.submitDebug (C:\Users\22wh1\OneDrive\Documents\ONEDRIVE\Attachments\Desktop\gaming_contest\backend\services\submissionService.js:86:11)
    at process.processTicksAndRejections (node:internal/process/task_queues:95:5)
    at async submitDebug (C:\Users\22wh1\OneDrive\Documents\ONEDRIVE\Attachments\Desktop\gaming_contest\backend\controllers\submissionController.js:37:20)
2026-04-17 21:18:12 [error]: Error: Already solved
    at Object.submitDebug (C:\Users\22wh1\OneDrive\Documents\ONEDRIVE\Attachments\Desktop\gaming_contest\backend\services\submissionService.js:86:11)
    at process.processTicksAndRejections (node:internal/process/task_queues:95:5)
    at async submitDebug (C:\Users\22wh1\OneDrive\Documents\ONEDRIVE\Attachments\Desktop\gaming_contest\backend\controllers\submissionController.js:37:20)
2026-04-17 21:18:27 [error]: Error: Already solved
    at Object.submitDebug (C:\Users\22wh1\OneDrive\Documents\ONEDRIVE\Attachments\Desktop\gaming_contest\backend\services\submissionService.js:86:11)
    at process.processTicksAndRejections (node:internal/process/task_queues:95:5)
    at async submitDebug (C:\Users\22wh1\OneDrive\Documents\ONEDRIVE\Attachments\Desktop\gaming_contest\backend\controllers\submissionController.js:37:20)
2026-04-17 21:18:40 [error]: Error: Already solved
    at Object.submitDebug (C:\Users\22wh1\OneDrive\Documents\ONEDRIVE\Attachments\Desktop\gaming_contest\backend\services\submissionService.js:86:11)
    at process.processTicksAndRejections (node:internal/process/task_queues:95:5)
    at async submitDebug (C:\Users\22wh1\OneDrive\Documents\ONEDRIVE\Attachments\Desktop\gaming_contest\backend\controllers\submissionController.js:37:20)
2026-04-17 21:18:41 [error]: Error: Already solved
    at Object.submitDebug (C:\Users\22wh1\OneDrive\Documents\ONEDRIVE\Attachments\Desktop\gaming_contest\backend\services\submissionService.js:86:11)
    at process.processTicksAndRejections (node:internal/process/task_queues:95:5)
    at async submitDebug (C:\Users\22wh1\OneDrive\Documents\ONEDRIVE\Attachments\Desktop\gaming_contest\backend\controllers\submissionController.js:37:20)
2026-04-17 21:23:07 [error]: AppError: Already solved
    at Object.submitDebug (C:\Users\22wh1\OneDrive\Documents\ONEDRIVE\Attachments\Desktop\gaming_contest\backend\services\submissionService.js:86:11)
    at process.processTicksAndRejections (node:internal/process/task_queues:95:5)
    at async submitDebug (C:\Users\22wh1\OneDrive\Documents\ONEDRIVE\Attachments\Desktop\gaming_contest\backend\controllers\submissionController.js:37:20)
2026-04-17 21:23:14 [error]: AppError: Already solved
    at Object.submitDebug (C:\Users\22wh1\OneDrive\Documents\ONEDRIVE\Attachments\Desktop\gaming_contest\backend\services\submissionService.js:86:11)
    at process.processTicksAndRejections (node:internal/process/task_queues:95:5)
    at async submitDebug (C:\Users\22wh1\OneDrive\Documents\ONEDRIVE\Attachments\Desktop\gaming_contest\backend\controllers\submissionController.js:37:20)
2026-04-17 21:23:26 [error]: AppError: Already solved
    at Object.submitDebug (C:\Users\22wh1\OneDrive\Documents\ONEDRIVE\Attachments\Desktop\gaming_contest\backend\services\submissionService.js:86:11)
    at process.processTicksAndRejections (node:internal/process/task_queues:95:5)
    at async submitDebug (C:\Users\22wh1\OneDrive\Documents\ONEDRIVE\Attachments\Desktop\gaming_contest\backend\controllers\submissionController.js:37:20)
2026-04-17 21:29:03 [error]: AppError: Already solved
    at Object.submitDebug (C:\Users\22wh1\OneDrive\Documents\ONEDRIVE\Attachments\Desktop\gaming_contest\backend\services\submissionService.js:86:11)
    at process.processTicksAndRejections (node:internal/process/task_queues:95:5)
    at async submitDebug (C:\Users\22wh1\OneDrive\Documents\ONEDRIVE\Attachments\Desktop\gaming_contest\backend\controllers\submissionController.js:37:20)
2026-04-17 21:29:39 [error]: AppError: Already solved
    at Object.submitDebug (C:\Users\22wh1\OneDrive\Documents\ONEDRIVE\Attachments\Desktop\gaming_contest\backend\services\submissionService.js:86:11)
    at process.processTicksAndRejections (node:internal/process/task_queues:95:5)
    at async submitDebug (C:\Users\22wh1\OneDrive\Documents\ONEDRIVE\Attachments\Desktop\gaming_contest\backend\controllers\submissionController.js:37:20)
2026-04-17 21:32:00 [error]: Error: Email already registered
    at Object.register (C:\Users\22wh1\OneDrive\Documents\ONEDRIVE\Attachments\Desktop\gaming_contest\backend\services\authService.js:17:19)
    at process.processTicksAndRejections (node:internal/process/task_queues:95:5)
    at async register (C:\Users\22wh1\OneDrive\Documents\ONEDRIVE\Attachments\Desktop\gaming_contest\backend\controllers\authController.js:7:20)
2026-04-17 21:33:31 [error]: TypeError: answer.trim is not a function
    at Object.submitMCQ (C:\Users\22wh1\OneDrive\Documents\ONEDRIVE\Attachments\Desktop\gaming_contest\backend\services\submissionService.js:37:28)
    at process.processTicksAndRejections (node:internal/process/task_queues:95:5)
    at async submitMCQ (C:\Users\22wh1\OneDrive\Documents\ONEDRIVE\Attachments\Desktop\gaming_contest\backend\controllers\submissionController.js:10:20)
2026-04-17 21:43:23 [error]: AppError: Debug question not found
    at Object.submitDebug (C:\Users\22wh1\OneDrive\Documents\ONEDRIVE\Attachments\Desktop\gaming_contest\backend\services\submissionService.js:80:11)
    at process.processTicksAndRejections (node:internal/process/task_queues:95:5)
    at async submitDebug (C:\Users\22wh1\OneDrive\Documents\ONEDRIVE\Attachments\Desktop\gaming_contest\backend\controllers\submissionController.js:37:20)
2026-04-27 19:28:46 [error]: SyntaxError: Bad control character in string literal in JSON at position 82 (line 4 column 23)
    at JSON.parse (<anonymous>)
    at parse (C:\Users\22wh1\OneDrive\Documents\ONEDRIVE\Attachments\Desktop\gaming_contest\backend\node_modules\body-parser\lib\types\json.js:72:19)
    at C:\Users\22wh1\OneDrive\Documents\ONEDRIVE\Attachments\Desktop\gaming_contest\backend\node_modules\body-parser\lib\read.js:162:18
    at AsyncResource.runInAsyncScope (node:async_hooks:206:9)
    at invokeCallback (C:\Users\22wh1\OneDrive\Documents\ONEDRIVE\Attachments\Desktop\gaming_contest\backend\node_modules\raw-body\index.js:238:16)
    at done (C:\Users\22wh1\OneDrive\Documents\ONEDRIVE\Attachments\Desktop\gaming_contest\backend\node_modules\raw-body\index.js:227:7)
    at IncomingMessage.onEnd (C:\Users\22wh1\OneDrive\Documents\ONEDRIVE\Attachments\Desktop\gaming_contest\backend\node_modules\raw-body\index.js:287:7)
    at IncomingMessage.emit (node:events:519:28)
    at endReadableNT (node:internal/streams/readable:1696:12)
    at process.processTicksAndRejections (node:internal/process/task_queues:82:21)
2026-04-28 12:07:12 [error]: AppError: Already answered correctly
    at Object.submitMCQ (C:\Users\22wh1\OneDrive\Documents\ONEDRIVE\Attachments\Desktop\gaming_contest\backend\services\submissionService.js:34:11)
    at process.processTicksAndRejections (node:internal/process/task_queues:95:5)
    at async submitMCQ (C:\Users\22wh1\OneDrive\Documents\ONEDRIVE\Attachments\Desktop\gaming_contest\backend\controllers\submissionController.js:10:20)
2026-04-28 12:07:16 [error]: AppError: Already answered correctly
    at Object.submitMCQ (C:\Users\22wh1\OneDrive\Documents\ONEDRIVE\Attachments\Desktop\gaming_contest\backend\services\submissionService.js:34:11)
    at process.processTicksAndRejections (node:internal/process/task_queues:95:5)
    at async submitMCQ (C:\Users\22wh1\OneDrive\Documents\ONEDRIVE\Attachments\Desktop\gaming_contest\backend\controllers\submissionController.js:10:20)
2026-04-28 12:07:40 [error]: AppError: Already solved
    at Object.submitDebug (C:\Users\22wh1\OneDrive\Documents\ONEDRIVE\Attachments\Desktop\gaming_contest\backend\services\submissionService.js:86:11)
    at process.processTicksAndRejections (node:internal/process/task_queues:95:5)
    at async submitDebug (C:\Users\22wh1\OneDrive\Documents\ONEDRIVE\Attachments\Desktop\gaming_contest\backend\controllers\submissionController.js:37:20)
2026-04-28 12:10:18 [error]: AppError: Already answered correctly
    at Object.submitMCQ (C:\Users\22wh1\OneDrive\Documents\ONEDRIVE\Attachments\Desktop\gaming_contest\backend\services\submissionService.js:34:11)
    at process.processTicksAndRejections (node:internal/process/task_queues:95:5)
    at async submitMCQ (C:\Users\22wh1\OneDrive\Documents\ONEDRIVE\Attachments\Desktop\gaming_contest\backend\controllers\submissionController.js:10:20)
2026-04-28 12:11:26 [error]: AppError: Already answered correctly
    at Object.submitMCQ (C:\Users\22wh1\OneDrive\Documents\ONEDRIVE\Attachments\Desktop\gaming_contest\backend\services\submissionService.js:34:11)
    at process.processTicksAndRejections (node:internal/process/task_queues:95:5)
    at async submitMCQ (C:\Users\22wh1\OneDrive\Documents\ONEDRIVE\Attachments\Desktop\gaming_contest\backend\controllers\submissionController.js:10:20)
2026-04-28 12:11:53 [error]: AppError: Already answered correctly
    at Object.submitMCQ (C:\Users\22wh1\OneDrive\Documents\ONEDRIVE\Attachments\Desktop\gaming_contest\backend\services\submissionService.js:34:11)
    at process.processTicksAndRejections (node:internal/process/task_queues:95:5)
    at async submitMCQ (C:\Users\22wh1\OneDrive\Documents\ONEDRIVE\Attachments\Desktop\gaming_contest\backend\controllers\submissionController.js:10:20)
2026-04-28 12:12:05 [error]: AppError: Already answered correctly
    at Object.submitMCQ (C:\Users\22wh1\OneDrive\Documents\ONEDRIVE\Attachments\Desktop\gaming_contest\backend\services\submissionService.js:34:11)
    at process.processTicksAndRejections (node:internal/process/task_queues:95:5)
    at async submitMCQ (C:\Users\22wh1\OneDrive\Documents\ONEDRIVE\Attachments\Desktop\gaming_contest\backend\controllers\submissionController.js:10:20)
2026-04-28 12:35:34 [error]: Auth middleware error: jwt expired
2026-04-28 12:35:34 [error]: Auth middleware error: jwt expired
2026-04-28 12:36:07 [error]: AppError: Already answered correctly
    at Object.submitMCQ (C:\Users\22wh1\OneDrive\Documents\ONEDRIVE\Attachments\Desktop\gaming_contest\backend\services\submissionService.js:34:11)
    at process.processTicksAndRejections (node:internal/process/task_queues:95:5)
    at async submitMCQ (C:\Users\22wh1\OneDrive\Documents\ONEDRIVE\Attachments\Desktop\gaming_contest\backend\controllers\submissionController.js:10:20)
2026-04-28 12:36:15 [error]: AppError: Already answered correctly
    at Object.submitMCQ (C:\Users\22wh1\OneDrive\Documents\ONEDRIVE\Attachments\Desktop\gaming_contest\backend\services\submissionService.js:34:11)
    at process.processTicksAndRejections (node:internal/process/task_queues:95:5)
    at async submitMCQ (C:\Users\22wh1\OneDrive\Documents\ONEDRIVE\Attachments\Desktop\gaming_contest\backend\controllers\submissionController.js:10:20)
2026-04-28 12:36:31 [error]: AppError: Already answered correctly
    at Object.submitMCQ (C:\Users\22wh1\OneDrive\Documents\ONEDRIVE\Attachments\Desktop\gaming_contest\backend\services\submissionService.js:34:11)
    at process.processTicksAndRejections (node:internal/process/task_queues:95:5)
    at async submitMCQ (C:\Users\22wh1\OneDrive\Documents\ONEDRIVE\Attachments\Desktop\gaming_contest\backend\controllers\submissionController.js:10:20)
2026-04-28 12:36:38 [error]: AppError: Already answered correctly
    at Object.submitMCQ (C:\Users\22wh1\OneDrive\Documents\ONEDRIVE\Attachments\Desktop\gaming_contest\backend\services\submissionService.js:34:11)
    at process.processTicksAndRejections (node:internal/process/task_queues:95:5)
    at async submitMCQ (C:\Users\22wh1\OneDrive\Documents\ONEDRIVE\Attachments\Desktop\gaming_contest\backend\controllers\submissionController.js:10:20)
2026-04-28 12:38:17 [error]: AppError: Already answered correctly
    at Object.submitMCQ (C:\Users\22wh1\OneDrive\Documents\ONEDRIVE\Attachments\Desktop\gaming_contest\backend\services\submissionService.js:34:11)
    at process.processTicksAndRejections (node:internal/process/task_queues:95:5)
    at async submitMCQ (C:\Users\22wh1\OneDrive\Documents\ONEDRIVE\Attachments\Desktop\gaming_contest\backend\controllers\submissionController.js:10:20)
2026-04-28 12:38:23 [error]: AppError: Already answered correctly
    at Object.submitMCQ (C:\Users\22wh1\OneDrive\Documents\ONEDRIVE\Attachments\Desktop\gaming_contest\backend\services\submissionService.js:34:11)
    at process.processTicksAndRejections (node:internal/process/task_queues:95:5)
    at async submitMCQ (C:\Users\22wh1\OneDrive\Documents\ONEDRIVE\Attachments\Desktop\gaming_contest\backend\controllers\submissionController.js:10:20)
2026-04-28 12:38:50 [error]: AppError: Already answered correctly
    at Object.submitMCQ (C:\Users\22wh1\OneDrive\Documents\ONEDRIVE\Attachments\Desktop\gaming_contest\backend\services\submissionService.js:34:11)
    at process.processTicksAndRejections (node:internal/process/task_queues:95:5)
    at async submitMCQ (C:\Users\22wh1\OneDrive\Documents\ONEDRIVE\Attachments\Desktop\gaming_contest\backend\controllers\submissionController.js:10:20)
2026-04-28 12:39:06 [error]: AppError: Already solved
    at Object.submitDebug (C:\Users\22wh1\OneDrive\Documents\ONEDRIVE\Attachments\Desktop\gaming_contest\backend\services\submissionService.js:86:11)
    at process.processTicksAndRejections (node:internal/process/task_queues:95:5)
    at async submitDebug (C:\Users\22wh1\OneDrive\Documents\ONEDRIVE\Attachments\Desktop\gaming_contest\backend\controllers\submissionController.js:37:20)
2026-04-28 12:40:29 [error]: AppError: Already answered correctly
    at Object.submitMCQ (C:\Users\22wh1\OneDrive\Documents\ONEDRIVE\Attachments\Desktop\gaming_contest\backend\services\submissionService.js:34:11)
    at process.processTicksAndRejections (node:internal/process/task_queues:95:5)
    at async submitMCQ (C:\Users\22wh1\OneDrive\Documents\ONEDRIVE\Attachments\Desktop\gaming_contest\backend\controllers\submissionController.js:10:20)
2026-04-28 12:40:37 [error]: AppError: Already answered correctly
    at Object.submitMCQ (C:\Users\22wh1\OneDrive\Documents\ONEDRIVE\Attachments\Desktop\gaming_contest\backend\services\submissionService.js:34:11)
    at process.processTicksAndRejections (node:internal/process/task_queues:95:5)
    at async submitMCQ (C:\Users\22wh1\OneDrive\Documents\ONEDRIVE\Attachments\Desktop\gaming_contest\backend\controllers\submissionController.js:10:20)
2026-04-28 12:41:20 [error]: AppError: Already answered correctly
    at Object.submitMCQ (C:\Users\22wh1\OneDrive\Documents\ONEDRIVE\Attachments\Desktop\gaming_contest\backend\services\submissionService.js:34:11)
    at process.processTicksAndRejections (node:internal/process/task_queues:95:5)
    at async submitMCQ (C:\Users\22wh1\OneDrive\Documents\ONEDRIVE\Attachments\Desktop\gaming_contest\backend\controllers\submissionController.js:10:20)
2026-04-28 12:52:40 [error]: Error: Phase 2 is already unlocked
    at Object.validateAndUnlockPhase (C:\Users\22wh1\OneDrive\Documents\ONEDRIVE\Attachments\Desktop\gaming_contest\backend\services\phaseService.js:26:19)
    at process.processTicksAndRejections (node:internal/process/task_queues:95:5)
    at async unlockPhase (C:\Users\22wh1\OneDrive\Documents\ONEDRIVE\Attachments\Desktop\gaming_contest\backend\controllers\phaseController.js:9:20)
2026-04-28 12:52:45 [error]: Error: Phase 2 is already unlocked
    at Object.validateAndUnlockPhase (C:\Users\22wh1\OneDrive\Documents\ONEDRIVE\Attachments\Desktop\gaming_contest\backend\services\phaseService.js:26:19)
    at process.processTicksAndRejections (node:internal/process/task_queues:95:5)
    at async unlockPhase (C:\Users\22wh1\OneDrive\Documents\ONEDRIVE\Attachments\Desktop\gaming_contest\backend\controllers\phaseController.js:9:20)
2026-04-28 12:52:53 [error]: Error: Phase 2 is already unlocked
    at Object.validateAndUnlockPhase (C:\Users\22wh1\OneDrive\Documents\ONEDRIVE\Attachments\Desktop\gaming_contest\backend\services\phaseService.js:26:19)
    at process.processTicksAndRejections (node:internal/process/task_queues:95:5)
    at async unlockPhase (C:\Users\22wh1\OneDrive\Documents\ONEDRIVE\Attachments\Desktop\gaming_contest\backend\controllers\phaseController.js:9:20)
2026-04-28 13:00:36 [error]: AppError: Already solved
    at Object.submitDebug (C:\Users\22wh1\OneDrive\Documents\ONEDRIVE\Attachments\Desktop\gaming_contest\backend\services\submissionService.js:86:11)
    at process.processTicksAndRejections (node:internal/process/task_queues:95:5)
    at async submitDebug (C:\Users\22wh1\OneDrive\Documents\ONEDRIVE\Attachments\Desktop\gaming_contest\backend\controllers\submissionController.js:37:20)
2026-05-04 19:35:36 [error]: AppError: Already answered correctly
    at Object.submitMCQ (C:\Users\22wh1\OneDrive\Documents\ONEDRIVE\Attachments\Desktop\gaming_contest\backend\services\submissionService.js:34:11)
    at process.processTicksAndRejections (node:internal/process/task_queues:95:5)
    at async submitMCQ (C:\Users\22wh1\OneDrive\Documents\ONEDRIVE\Attachments\Desktop\gaming_contest\backend\controllers\submissionController.js:10:20)
2026-05-04 19:35:39 [error]: AppError: Already answered correctly
    at Object.submitMCQ (C:\Users\22wh1\OneDrive\Documents\ONEDRIVE\Attachments\Desktop\gaming_contest\backend\services\submissionService.js:34:11)
    at process.processTicksAndRejections (node:internal/process/task_queues:95:5)
    at async submitMCQ (C:\Users\22wh1\OneDrive\Documents\ONEDRIVE\Attachments\Desktop\gaming_contest\backend\controllers\submissionController.js:10:20)
2026-05-04 19:36:36 [error]: Error: Invalid email or password
    at Object.login (C:\Users\22wh1\OneDrive\Documents\ONEDRIVE\Attachments\Desktop\gaming_contest\backend\services\authService.js:52:19)
    at process.processTicksAndRejections (node:internal/process/task_queues:95:5)
    at async login (C:\Users\22wh1\OneDrive\Documents\ONEDRIVE\Attachments\Desktop\gaming_contest\backend\controllers\authController.js:17:20)
2026-05-04 19:39:18 [error]: Error: Phase 2 is already unlocked
    at Object.validateAndUnlockPhase (C:\Users\22wh1\OneDrive\Documents\ONEDRIVE\Attachments\Desktop\gaming_contest\backend\services\phaseService.js:26:19)
    at process.processTicksAndRejections (node:internal/process/task_queues:95:5)
    at async unlockPhase (C:\Users\22wh1\OneDrive\Documents\ONEDRIVE\Attachments\Desktop\gaming_contest\backend\controllers\phaseController.js:9:20)
2026-05-05 19:20:32 [error]: AppError: Already answered correctly
    at Object.submitMCQ (C:\Users\22wh1\OneDrive\Documents\ONEDRIVE\Attachments\Desktop\gaming_contest\backend\services\submissionService.js:34:11)
    at process.processTicksAndRejections (node:internal/process/task_queues:95:5)
    at async submitMCQ (C:\Users\22wh1\OneDrive\Documents\ONEDRIVE\Attachments\Desktop\gaming_contest\backend\controllers\submissionController.js:10:20)
2026-05-05 19:20:36 [error]: AppError: Already answered correctly
    at Object.submitMCQ (C:\Users\22wh1\OneDrive\Documents\ONEDRIVE\Attachments\Desktop\gaming_contest\backend\services\submissionService.js:34:11)
    at process.processTicksAndRejections (node:internal/process/task_queues:95:5)
    at async submitMCQ (C:\Users\22wh1\OneDrive\Documents\ONEDRIVE\Attachments\Desktop\gaming_contest\backend\controllers\submissionController.js:10:20)
2026-05-05 19:20:40 [error]: AppError: Already answered correctly
    at Object.submitMCQ (C:\Users\22wh1\OneDrive\Documents\ONEDRIVE\Attachments\Desktop\gaming_contest\backend\services\submissionService.js:34:11)
    at process.processTicksAndRejections (node:internal/process/task_queues:95:5)
    at async submitMCQ (C:\Users\22wh1\OneDrive\Documents\ONEDRIVE\Attachments\Desktop\gaming_contest\backend\controllers\submissionController.js:10:20)
2026-05-08 22:35:06 [error]: Error: Invalid email or password
    at Object.login (C:\Users\22wh1\OneDrive\Documents\ONEDRIVE\Attachments\Desktop\gaming_contest\backend\services\authService.js:59:19)
    at async login (C:\Users\22wh1\OneDrive\Documents\ONEDRIVE\Attachments\Desktop\gaming_contest\backend\controllers\authController.js:17:20)
2026-05-23 13:27:01 [error]: AppError: No test cases available for this question
    at runDebugCode (C:\Users\22wh1\OneDrive\Documents\ONEDRIVE\Attachments\Desktop\gaming_contest\backend\controllers\submissionController.js:45:13)
    at process.processTicksAndRejections (node:internal/process/task_queues:104:5)
2026-05-23 14:45:34 [error]: AppError: Already answered correctly
    at Object.submitMCQ (C:\Users\22wh1\OneDrive\Documents\ONEDRIVE\Attachments\Desktop\gaming_contest\backend\services\submissionService.js:34:11)
    at process.processTicksAndRejections (node:internal/process/task_queues:104:5)
    at async submitMCQ (C:\Users\22wh1\OneDrive\Documents\ONEDRIVE\Attachments\Desktop\gaming_contest\backend\controllers\submissionController.js:10:20)
2026-05-23 14:50:21 [error]: Error: Incorrect phase password
    at Object.validateAndUnlockPhase (C:\Users\22wh1\OneDrive\Documents\ONEDRIVE\Attachments\Desktop\gaming_contest\backend\services\phaseService.js:63:19)
    at process.processTicksAndRejections (node:internal/process/task_queues:104:5)
    at async unlockPhase (C:\Users\22wh1\OneDrive\Documents\ONEDRIVE\Attachments\Desktop\gaming_contest\backend\controllers\phaseController.js:9:20)
